13:42:51 **** Clean-only build of configuration Debug for project lpcxpresso55s69_hello_world_s_cm33_core0 ****
make -r -j20 clean 
rm -rf ./utilities/str/fsl_str.d ./utilities/str/fsl_str.o
rm -rf ./utilities/debug_console_lite/fsl_debug_console.d ./utilities/debug_console_lite/fsl_debug_console.o
rm -rf ./utilities/fsl_assert.d ./utilities/fsl_assert.o ./utilities/fsl_memcpy.o
rm -rf ./startup/boot_multicore_slave.d ./startup/boot_multicore_slave.o ./startup/startup_lpc55s69_cm33_core0.d ./startup/startup_lpc55s69_cm33_core0.o
rm -rf ./source/pin_vault_s.d ./source/pin_vault_s.o ./source/semihost_hardfault.d ./source/semihost_hardfault.o ./source/tzm_api.d ./source/tzm_api.o ./source/tzm_config.d ./source/tzm_config.o ./source/veneer_table.d ./source/veneer_table.o
rm -rf ./drivers/fsl_clock.d ./drivers/fsl_clock.o ./drivers/fsl_common.d ./drivers/fsl_common.o ./drivers/fsl_common_arm.d ./drivers/fsl_common_arm.o ./drivers/fsl_flexcomm.d ./drivers/fsl_flexcomm.o ./drivers/fsl_gpio.d ./drivers/fsl_gpio.o ./drivers/fsl_i2c.d ./drivers/fsl_i2c.o ./drivers/fsl_power.d ./drivers/fsl_power.o ./drivers/fsl_reset.d ./drivers/fsl_reset.o ./drivers/fsl_spi.d ./drivers/fsl_spi.o ./drivers/fsl_usart.d ./drivers/fsl_usart.o
rm -rf ./device/system_LPC55S69_cm33_core0.d ./device/system_LPC55S69_cm33_core0.o
rm -rf ./component/uart/fsl_adapter_usart.d ./component/uart/fsl_adapter_usart.o
rm -rf ./board/board.d ./board/board.o ./board/clock_config.d ./board/clock_config.o ./board/hardware_init.d ./board/hardware_init.o ./board/pin_mux.d ./board/pin_mux.o
rm -rf lpcxpresso55s69_hello_world_s_cm33_core0.axf
 
13:42:51 **** Clean-only build of configuration Debug for project lpcxpresso55s69_hello_world_ns_cm33_core0 ****
make -r -j20 clean 
rm -rf ./utilities/str/fsl_str.d ./utilities/str/fsl_str.o
rm -rf ./utilities/debug_console_lite/fsl_debug_console.d ./utilities/debug_console_lite/fsl_debug_console.o
rm -rf ./utilities/fsl_assert.d ./utilities/fsl_assert.o ./utilities/fsl_memcpy.o
rm -rf ./startup/boot_multicore_slave.d ./startup/boot_multicore_slave.o ./startup/startup_lpc55s69_cm33_core0.d ./startup/startup_lpc55s69_cm33_core0.o
rm -rf ./source/pin_vault_ns.d ./source/pin_vault_ns.o ./source/semihost_hardfault.d ./source/semihost_hardfault.o
rm -rf ./drivers/fsl_clock.d ./drivers/fsl_clock.o ./drivers/fsl_common.d ./drivers/fsl_common.o ./drivers/fsl_common_arm.d ./drivers/fsl_common_arm.o ./drivers/fsl_flexcomm.d ./drivers/fsl_flexcomm.o ./drivers/fsl_gpio.d ./drivers/fsl_gpio.o ./drivers/fsl_i2c.d ./drivers/fsl_i2c.o ./drivers/fsl_power.d ./drivers/fsl_power.o ./drivers/fsl_reset.d ./drivers/fsl_reset.o ./drivers/fsl_spi.d ./drivers/fsl_spi.o ./drivers/fsl_usart.d ./drivers/fsl_usart.o
rm -rf ./device/system_LPC55S69_cm33_core0.d ./device/system_LPC55S69_cm33_core0.o
rm -rf ./component/uart/fsl_adapter_usart.d ./component/uart/fsl_adapter_usart.o
rm -rf ./board/board.d ./board/board.o ./board/clock_config.d ./board/clock_config.o ./board/hardware_init.d ./board/hardware_init.o ./board/pin_mux.d ./board/pin_mux.o
rm -rf lpcxpresso55s69_hello_world_ns_cm33_core0.axf
 
13:42:55 **** Build of configuration Debug for project lpcxpresso55s69_hello_world_s_cm33_core0 ****
make -r -j20 all 
Building file: ../utilities/str/fsl_str.c
Building file: ../utilities/debug_console_lite/fsl_debug_console.c
Building file: ../utilities/fsl_assert.c
Invoking: MCU C Compiler
Invoking: MCU C Compiler
arm-none-eabi-gcc -std=gnu99 -DMCUXPRESSO_SDK -DCPU_LPC55S69JBD100_cm33_core0 -DSDK_DEBUGCONSOLE=1 -DMCUX_META_BUILD -DLPC55S69_cm33_core0_SERIES -DCPU_LPC55S69JBD100 -DCPU_LPC55S69JBD100_cm33 -DCR_INTEGER_PRINTF -D__MCUXPRESSO -D__USE_CMSIS -DDEBUG -D__NEWLIB__ -I"C:\Deshna\LPC55S69_TrustZone_PinVault\lpcxpresso55s69_hello_world_s_cm33_core0\source" -I"C:\Deshna\LPC55S69_TrustZone_PinVault\lpcxpresso55s69_hello_world_s_cm33_core0\drivers" -I"C:\Deshna\LPC55S69_TrustZone_PinVault\lpcxpresso55s69_hello_world_s_cm33_core0\CMSIS" -I"C:\Deshna\LPC55S69_TrustZone_PinVault\lpcxpresso55s69_hello_world_s_cm33_core0\CMSIS\m-profile" -I"C:\Deshna\LPC55S69_TrustZone_PinVault\lpcxpresso55s69_hello_world_s_cm33_core0\device" -I"C:\Deshna\LPC55S69_TrustZone_PinVault\lpcxpresso55s69_hello_world_s_cm33_core0\device\periph" -I"C:\Deshna\LPC55S69_TrustZone_PinVault\lpcxpresso55s69_hello_world_s_cm33_core0\utilities" -I"C:\Deshna\LPC55S69_TrustZone_PinVault\lpcxpresso55s69_hello_world_s_cm33_core0\utilities\str" -I"C:\Deshna\LPC55S69_TrustZone_PinVault\lpcxpresso55s69_hello_world_s_cm33_core0\utilities\debug_console_lite" -I"C:\Deshna\LPC55S69_TrustZone_PinVault\lpcxpresso55s69_hello_world_s_cm33_core0\component\uart" -I"C:\Deshna\LPC55S69_TrustZone_PinVault\lpcxpresso55s69_hello_world_s_cm33_core0\board" -O0 -fno-common -g3 -gdwarf-4 -Wno-unused-variable -Wno-unused-but-set-variable -Wno-return-type -Wno-bool-operation -D __SEMIHOST_HARDFAULT_DISABLE -mcpu=cortex-m33 -c -ffunction-sections -fdata-sections -fno-builtin -imacros "C:\Deshna\LPC55S69_TrustZone_PinVault\lpcxpresso55s69_hello_world_s_cm33_core0\source\mcux_config.h" -imacros "C:\Deshna\LPC55S69_TrustZone_PinVault\lpcxpresso55s69_hello_world_s_cm33_core0\source\mcuxsdk_version.h" -fmerge-constants -fmacro-prefix-map="../utilities/str/"= -mcpu=cortex-m33 -mfpu=fpv5-sp-d16 -mfloat-abi=hard -mthumb -mcmse -D__NEWLIB__ -fstack-usage -specs=nano.specs -MMD -MP -MF"utilities/str/fsl_str.d" -MT"utilities/str/fsl_str.o" -MT"utilities/str/fsl_str.d" -o "utilities/str/fsl_str.o" "../utilities/str/fsl_str.c"
Building file: ../utilities/fsl_memcpy.S
arm-none-eabi-gcc -std=gnu99 -DMCUXPRESSO_SDK -DCPU_LPC55S69JBD100_cm33_core0 -DSDK_DEBUGCONSOLE=1 -DMCUX_META_BUILD -DLPC55S69_cm33_core0_SERIES -DCPU_LPC55S69JBD100 -DCPU_LPC55S69JBD100_cm33 -DCR_INTEGER_PRINTF -D__MCUXPRESSO -D__USE_CMSIS -DDEBUG -D__NEWLIB__ -I"C:\Deshna\LPC55S69_TrustZone_PinVault\lpcxpresso55s69_hello_world_s_cm33_core0\source" -I"C:\Deshna\LPC55S69_TrustZone_PinVault\lpcxpresso55s69_hello_world_s_cm33_core0\drivers" -I"C:\Deshna\LPC55S69_TrustZone_PinVault\lpcxpresso55s69_hello_world_s_cm33_core0\CMSIS" -I"C:\Deshna\LPC55S69_TrustZone_PinVault\lpcxpresso55s69_hello_world_s_cm33_core0\CMSIS\m-profile" -I"C:\Deshna\LPC55S69_TrustZone_PinVault\lpcxpresso55s69_hello_world_s_cm33_core0\device" -I"C:\Deshna\LPC55S69_TrustZone_PinVault\lpcxpresso55s69_hello_world_s_cm33_core0\device\periph" -I"C:\Deshna\LPC55S69_TrustZone_PinVault\lpcxpresso55s69_hello_world_s_cm33_core0\utilities" -I"C:\Deshna\LPC55S69_TrustZone_PinVault\lpcxpresso55s69_hello_world_s_cm33_core0\utilities\str" -I"C:\Deshna\LPC55S69_TrustZone_PinVault\lpcxpresso55s69_hello_world_s_cm33_core0\utilities\debug_console_lite" -I"C:\Deshna\LPC55S69_TrustZone_PinVault\lpcxpresso55s69_hello_world_s_cm33_core0\component\uart" -I"C:\Deshna\LPC55S69_TrustZone_PinVault\lpcxpresso55s69_hello_world_s_cm33_core0\board" -O0 -fno-common -g3 -gdwarf-4 -Wno-unused-variable -Wno-unused-but-set-variable -Wno-return-type -Wno-bool-operation -D __SEMIHOST_HARDFAULT_DISABLE -mcpu=cortex-m33 -c -ffunction-sections -fdata-sections -fno-builtin -imacros "C:\Deshna\LPC55S69_TrustZone_PinVault\lpcxpresso55s69_hello_world_s_cm33_core0\source\mcux_config.h" -imacros "C:\Deshna\LPC55S69_TrustZone_PinVault\lpcxpresso55s69_hello_world_s_cm33_core0\source\mcuxsdk_version.h" -fmerge-constants -fmacro-prefix-map="../utilities/debug_console_lite/"= -mcpu=cortex-m33 -mfpu=fpv5-sp-d16 -mfloat-abi=hard -mthumb -mcmse -D__NEWLIB__ -fstack-usage -specs=nano.specs -MMD -MP -MF"utilities/debug_console_lite/fsl_debug_console.d" -MT"utilities/debug_console_lite/fsl_debug_console.o" -MT"utilities/debug_console_lite/fsl_debug_console.d" -o "utilities/debug_console_lite/fsl_debug_console.o" "../utilities/debug_console_lite/fsl_debug_console.c"
Invoking: MCU C Compiler
arm-none-eabi-gcc -std=gnu99 -DMCUXPRESSO_SDK -DCPU_LPC55S69JBD100_cm33_core0 -DSDK_DEBUGCONSOLE=1 -DMCUX_META_BUILD -DLPC55S69_cm33_core0_SERIES -DCPU_LPC55S69JBD100 -DCPU_LPC55S69JBD100_cm33 -DCR_INTEGER_PRINTF -D__MCUXPRESSO -D__USE_CMSIS -DDEBUG -D__NEWLIB__ -I"C:\Deshna\LPC55S69_TrustZone_PinVault\lpcxpresso55s69_hello_world_s_cm33_core0\source" -I"C:\Deshna\LPC55S69_TrustZone_PinVault\lpcxpresso55s69_hello_world_s_cm33_core0\drivers" -I"C:\Deshna\LPC55S69_TrustZone_PinVault\lpcxpresso55s69_hello_world_s_cm33_core0\CMSIS" -I"C:\Deshna\LPC55S69_TrustZone_PinVault\lpcxpresso55s69_hello_world_s_cm33_core0\CMSIS\m-profile" -I"C:\Deshna\LPC55S69_TrustZone_PinVault\lpcxpresso55s69_hello_world_s_cm33_core0\device" -I"C:\Deshna\LPC55S69_TrustZone_PinVault\lpcxpresso55s69_hello_world_s_cm33_core0\device\periph" -I"C:\Deshna\LPC55S69_TrustZone_PinVault\lpcxpresso55s69_hello_world_s_cm33_core0\utilities" -I"C:\Deshna\LPC55S69_TrustZone_PinVault\lpcxpresso55s69_hello_world_s_cm33_core0\utilities\str" -I"C:\Deshna\LPC55S69_TrustZone_PinVault\lpcxpresso55s69_hello_world_s_cm33_core0\utilities\debug_console_lite" -I"C:\Deshna\LPC55S69_TrustZone_PinVault\lpcxpresso55s69_hello_world_s_cm33_core0\component\uart" -I"C:\Deshna\LPC55S69_TrustZone_PinVault\lpcxpresso55s69_hello_world_s_cm33_core0\board" -O0 -fno-common -g3 -gdwarf-4 -Wno-unused-variable -Wno-unused-but-set-variable -Wno-return-type -Wno-bool-operation -D __SEMIHOST_HARDFAULT_DISABLE -mcpu=cortex-m33 -c -ffunction-sections -fdata-sections -fno-builtin -imacros "C:\Deshna\LPC55S69_TrustZone_PinVault\lpcxpresso55s69_hello_world_s_cm33_core0\source\mcux_config.h" -imacros "C:\Deshna\LPC55S69_TrustZone_PinVault\lpcxpresso55s69_hello_world_s_cm33_core0\source\mcuxsdk_version.h" -fmerge-constants -fmacro-prefix-map="../utilities/"= -mcpu=cortex-m33 -mfpu=fpv5-sp-d16 -mfloat-abi=hard -mthumb -mcmse -D__NEWLIB__ -fstack-usage -specs=nano.specs -MMD -MP -MF"utilities/fsl_assert.d" -MT"utilities/fsl_assert.o" -MT"utilities/fsl_assert.d" -o "utilities/fsl_assert.o" "../utilities/fsl_assert.c"
Invoking: MCU Assembler
arm-none-eabi-gcc -c -x assembler-with-cpp -D__NEWLIB__ -I"C:\Deshna\LPC55S69_TrustZone_PinVault\lpcxpresso55s69_hello_world_s_cm33_core0\source" -I"C:\Deshna\LPC55S69_TrustZone_PinVault\lpcxpresso55s69_hello_world_s_cm33_core0\drivers" -I"C:\Deshna\LPC55S69_TrustZone_PinVault\lpcxpresso55s69_hello_world_s_cm33_core0\CMSIS" -I"C:\Deshna\LPC55S69_TrustZone_PinVault\lpcxpresso55s69_hello_world_s_cm33_core0\CMSIS\m-profile" -I"C:\Deshna\LPC55S69_TrustZone_PinVault\lpcxpresso55s69_hello_world_s_cm33_core0\device" -I"C:\Deshna\LPC55S69_TrustZone_PinVault\lpcxpresso55s69_hello_world_s_cm33_core0\device\periph" -I"C:\Deshna\LPC55S69_TrustZone_PinVault\lpcxpresso55s69_hello_world_s_cm33_core0\utilities" -I"C:\Deshna\LPC55S69_TrustZone_PinVault\lpcxpresso55s69_hello_world_s_cm33_core0\utilities\str" -I"C:\Deshna\LPC55S69_TrustZone_PinVault\lpcxpresso55s69_hello_world_s_cm33_core0\utilities\debug_console_lite" -I"C:\Deshna\LPC55S69_TrustZone_PinVault\lpcxpresso55s69_hello_world_s_cm33_core0\component\uart" -g3 -gdwarf-4 -mcpu=cortex-m33 -mfpu=fpv5-sp-d16 -mfloat-abi=hard -mthumb -D__NEWLIB__ -specs=nano.specs -o "utilities/fsl_memcpy.o" "../utilities/fsl_memcpy.S"
Building file: ../startup/boot_multicore_slave.c
Building file: ../startup/startup_lpc55s69_cm33_core0.c
Invoking: MCU C Compiler
Building file: ../source/pin_vault_s.c
arm-none-eabi-gcc -std=gnu99 -DMCUXPRESSO_SDK -DCPU_LPC55S69JBD100_cm33_core0 -DSDK_DEBUGCONSOLE=1 -DMCUX_META_BUILD -DLPC55S69_cm33_core0_SERIES -DCPU_LPC55S69JBD100 -DCPU_LPC55S69JBD100_cm33 -DCR_INTEGER_PRINTF -D__MCUXPRESSO -D__USE_CMSIS -DDEBUG -D__NEWLIB__ -I"C:\Deshna\LPC55S69_TrustZone_PinVault\lpcxpresso55s69_hello_world_s_cm33_core0\source" -I"C:\Deshna\LPC55S69_TrustZone_PinVault\lpcxpresso55s69_hello_world_s_cm33_core0\drivers" -I"C:\Deshna\LPC55S69_TrustZone_PinVault\lpcxpresso55s69_hello_world_s_cm33_core0\CMSIS" -I"C:\Deshna\LPC55S69_TrustZone_PinVault\lpcxpresso55s69_hello_world_s_cm33_core0\CMSIS\m-profile" -I"C:\Deshna\LPC55S69_TrustZone_PinVault\lpcxpresso55s69_hello_world_s_cm33_core0\device" -I"C:\Deshna\LPC55S69_TrustZone_PinVault\lpcxpresso55s69_hello_world_s_cm33_core0\device\periph" -I"C:\Deshna\LPC55S69_TrustZone_PinVault\lpcxpresso55s69_hello_world_s_cm33_core0\utilities" -I"C:\Deshna\LPC55S69_TrustZone_PinVault\lpcxpresso55s69_hello_world_s_cm33_core0\utilities\str" -I"C:\Deshna\LPC55S69_TrustZone_PinVault\lpcxpresso55s69_hello_world_s_cm33_core0\utilities\debug_console_lite" -I"C:\Deshna\LPC55S69_TrustZone_PinVault\lpcxpresso55s69_hello_world_s_cm33_core0\component\uart" -I"C:\Deshna\LPC55S69_TrustZone_PinVault\lpcxpresso55s69_hello_world_s_cm33_core0\board" -O0 -fno-common -g3 -gdwarf-4 -Wno-unused-variable -Wno-unused-but-set-variable -Wno-return-type -Wno-bool-operation -D __SEMIHOST_HARDFAULT_DISABLE -mcpu=cortex-m33 -c -ffunction-sections -fdata-sections -fno-builtin -imacros "C:\Deshna\LPC55S69_TrustZone_PinVault\lpcxpresso55s69_hello_world_s_cm33_core0\source\mcux_config.h" -imacros "C:\Deshna\LPC55S69_TrustZone_PinVault\lpcxpresso55s69_hello_world_s_cm33_core0\source\mcuxsdk_version.h" -fmerge-constants -fmacro-prefix-map="../startup/"= -mcpu=cortex-m33 -mfpu=fpv5-sp-d16 -mfloat-abi=hard -mthumb -mcmse -D__NEWLIB__ -fstack-usage -specs=nano.specs -MMD -MP -MF"startup/boot_multicore_slave.d" -MT"startup/boot_multicore_slave.o" -MT"startup/boot_multicore_slave.d" -o "startup/boot_multicore_slave.o" "../startup/boot_multicore_slave.c"
Building file: ../source/semihost_hardfault.c
Invoking: MCU C Compiler
arm-none-eabi-gcc -std=gnu99 -DMCUXPRESSO_SDK -DCPU_LPC55S69JBD100_cm33_core0 -DSDK_DEBUGCONSOLE=1 -DMCUX_META_BUILD -DLPC55S69_cm33_core0_SERIES -DCPU_LPC55S69JBD100 -DCPU_LPC55S69JBD100_cm33 -DCR_INTEGER_PRINTF -D__MCUXPRESSO -D__USE_CMSIS -DDEBUG -D__NEWLIB__ -I"C:\Deshna\LPC55S69_TrustZone_PinVault\lpcxpresso55s69_hello_world_s_cm33_core0\source" -I"C:\Deshna\LPC55S69_TrustZone_PinVault\lpcxpresso55s69_hello_world_s_cm33_core0\drivers" -I"C:\Deshna\LPC55S69_TrustZone_PinVault\lpcxpresso55s69_hello_world_s_cm33_core0\CMSIS" -I"C:\Deshna\LPC55S69_TrustZone_PinVault\lpcxpresso55s69_hello_world_s_cm33_core0\CMSIS\m-profile" -I"C:\Deshna\LPC55S69_TrustZone_PinVault\lpcxpresso55s69_hello_world_s_cm33_core0\device" -I"C:\Deshna\LPC55S69_TrustZone_PinVault\lpcxpresso55s69_hello_world_s_cm33_core0\device\periph" -I"C:\Deshna\LPC55S69_TrustZone_PinVault\lpcxpresso55s69_hello_world_s_cm33_core0\utilities" -I"C:\Deshna\LPC55S69_TrustZone_PinVault\lpcxpresso55s69_hello_world_s_cm33_core0\utilities\str" -I"C:\Deshna\LPC55S69_TrustZone_PinVault\lpcxpresso55s69_hello_world_s_cm33_core0\utilities\debug_console_lite" -I"C:\Deshna\LPC55S69_TrustZone_PinVault\lpcxpresso55s69_hello_world_s_cm33_core0\component\uart" -I"C:\Deshna\LPC55S69_TrustZone_PinVault\lpcxpresso55s69_hello_world_s_cm33_core0\board" -O0 -fno-common -g3 -gdwarf-4 -Wno-unused-variable -Wno-unused-but-set-variable -Wno-return-type -Wno-bool-operation -D __SEMIHOST_HARDFAULT_DISABLE -mcpu=cortex-m33 -c -ffunction-sections -fdata-sections -fno-builtin -imacros "C:\Deshna\LPC55S69_TrustZone_PinVault\lpcxpresso55s69_hello_world_s_cm33_core0\source\mcux_config.h" -imacros "C:\Deshna\LPC55S69_TrustZone_PinVault\lpcxpresso55s69_hello_world_s_cm33_core0\source\mcuxsdk_version.h" -fmerge-constants -fmacro-prefix-map="../startup/"= -mcpu=cortex-m33 -mfpu=fpv5-sp-d16 -mfloat-abi=hard -mthumb -mcmse -D__NEWLIB__ -fstack-usage -specs=nano.specs -MMD -MP -MF"startup/startup_lpc55s69_cm33_core0.d" -MT"startup/startup_lpc55s69_cm33_core0.o" -MT"startup/startup_lpc55s69_cm33_core0.d" -o "startup/startup_lpc55s69_cm33_core0.o" "../startup/startup_lpc55s69_cm33_core0.c"
Invoking: MCU C Compiler
Invoking: MCU C Compiler
arm-none-eabi-gcc -std=gnu99 -DMCUXPRESSO_SDK -DCPU_LPC55S69JBD100_cm33_core0 -DSDK_DEBUGCONSOLE=1 -DMCUX_META_BUILD -DLPC55S69_cm33_core0_SERIES -DCPU_LPC55S69JBD100 -DCPU_LPC55S69JBD100_cm33 -DCR_INTEGER_PRINTF -D__MCUXPRESSO -D__USE_CMSIS -DDEBUG -D__NEWLIB__ -I"C:\Deshna\LPC55S69_TrustZone_PinVault\lpcxpresso55s69_hello_world_s_cm33_core0\source" -I"C:\Deshna\LPC55S69_TrustZone_PinVault\lpcxpresso55s69_hello_world_s_cm33_core0\drivers" -I"C:\Deshna\LPC55S69_TrustZone_PinVault\lpcxpresso55s69_hello_world_s_cm33_core0\CMSIS" -I"C:\Deshna\LPC55S69_TrustZone_PinVault\lpcxpresso55s69_hello_world_s_cm33_core0\CMSIS\m-profile" -I"C:\Deshna\LPC55S69_TrustZone_PinVault\lpcxpresso55s69_hello_world_s_cm33_core0\device" -I"C:\Deshna\LPC55S69_TrustZone_PinVault\lpcxpresso55s69_hello_world_s_cm33_core0\device\periph" -I"C:\Deshna\LPC55S69_TrustZone_PinVault\lpcxpresso55s69_hello_world_s_cm33_core0\utilities" -I"C:\Deshna\LPC55S69_TrustZone_PinVault\lpcxpresso55s69_hello_world_s_cm33_core0\utilities\str" -I"C:\Deshna\LPC55S69_TrustZone_PinVault\lpcxpresso55s69_hello_world_s_cm33_core0\utilities\debug_console_lite" -I"C:\Deshna\LPC55S69_TrustZone_PinVault\lpcxpresso55s69_hello_world_s_cm33_core0\component\uart" -I"C:\Deshna\LPC55S69_TrustZone_PinVault\lpcxpresso55s69_hello_world_s_cm33_core0\board" -O0 -fno-common -g3 -gdwarf-4 -Wno-unused-variable -Wno-unused-but-set-variable -Wno-return-type -Wno-bool-operation -D __SEMIHOST_HARDFAULT_DISABLE -mcpu=cortex-m33 -c -ffunction-sections -fdata-sections -fno-builtin -imacros "C:\Deshna\LPC55S69_TrustZone_PinVault\lpcxpresso55s69_hello_world_s_cm33_core0\source\mcux_config.h" -imacros "C:\Deshna\LPC55S69_TrustZone_PinVault\lpcxpresso55s69_hello_world_s_cm33_core0\source\mcuxsdk_version.h" -fmerge-constants -fmacro-prefix-map="../source/"= -mcpu=cortex-m33 -mfpu=fpv5-sp-d16 -mfloat-abi=hard -mthumb -mcmse -D__NEWLIB__ -fstack-usage -specs=nano.specs -MMD -MP -MF"source/pin_vault_s.d" -MT"source/pin_vault_s.o" -MT"source/pin_vault_s.d" -o "source/pin_vault_s.o" "../source/pin_vault_s.c"
arm-none-eabi-gcc -std=gnu99 -DMCUXPRESSO_SDK -DCPU_LPC55S69JBD100_cm33_core0 -DSDK_DEBUGCONSOLE=1 -DMCUX_META_BUILD -DLPC55S69_cm33_core0_SERIES -DCPU_LPC55S69JBD100 -DCPU_LPC55S69JBD100_cm33 -DCR_INTEGER_PRINTF -D__MCUXPRESSO -D__USE_CMSIS -DDEBUG -D__NEWLIB__ -I"C:\Deshna\LPC55S69_TrustZone_PinVault\lpcxpresso55s69_hello_world_s_cm33_core0\source" -I"C:\Deshna\LPC55S69_TrustZone_PinVault\lpcxpresso55s69_hello_world_s_cm33_core0\drivers" -I"C:\Deshna\LPC55S69_TrustZone_PinVault\lpcxpresso55s69_hello_world_s_cm33_core0\CMSIS" -I"C:\Deshna\LPC55S69_TrustZone_PinVault\lpcxpresso55s69_hello_world_s_cm33_core0\CMSIS\m-profile" -I"C:\Deshna\LPC55S69_TrustZone_PinVault\lpcxpresso55s69_hello_world_s_cm33_core0\device" -I"C:\Deshna\LPC55S69_TrustZone_PinVault\lpcxpresso55s69_hello_world_s_cm33_core0\device\periph" -I"C:\Deshna\LPC55S69_TrustZone_PinVault\lpcxpresso55s69_hello_world_s_cm33_core0\utilities" -I"C:\Deshna\LPC55S69_TrustZone_PinVault\lpcxpresso55s69_hello_world_s_cm33_core0\utilities\str" -I"C:\Deshna\LPC55S69_TrustZone_PinVault\lpcxpresso55s69_hello_world_s_cm33_core0\utilities\debug_console_lite" -I"C:\Deshna\LPC55S69_TrustZone_PinVault\lpcxpresso55s69_hello_world_s_cm33_core0\component\uart" -I"C:\Deshna\LPC55S69_TrustZone_PinVault\lpcxpresso55s69_hello_world_s_cm33_core0\board" -O0 -fno-common -g3 -gdwarf-4 -Wno-unused-variable -Wno-unused-but-set-variable -Wno-return-type -Wno-bool-operation -D __SEMIHOST_HARDFAULT_DISABLE -mcpu=cortex-m33 -c -ffunction-sections -fdata-sections -fno-builtin -imacros "C:\Deshna\LPC55S69_TrustZone_PinVault\lpcxpresso55s69_hello_world_s_cm33_core0\source\mcux_config.h" -imacros "C:\Deshna\LPC55S69_TrustZone_PinVault\lpcxpresso55s69_hello_world_s_cm33_core0\source\mcuxsdk_version.h" -fmerge-constants -fmacro-prefix-map="../source/"= -mcpu=cortex-m33 -mfpu=fpv5-sp-d16 -mfloat-abi=hard -mthumb -mcmse -D__NEWLIB__ -fstack-usage -specs=nano.specs -MMD -MP -MF"source/semihost_hardfault.d" -MT"source/semihost_hardfault.o" -MT"source/semihost_hardfault.d" -o "source/semihost_hardfault.o" "../source/semihost_hardfault.c"
Building file: ../source/tzm_api.c
Invoking: MCU C Compiler
arm-none-eabi-gcc -std=gnu99 -DMCUXPRESSO_SDK -DCPU_LPC55S69JBD100_cm33_core0 -DSDK_DEBUGCONSOLE=1 -DMCUX_META_BUILD -DLPC55S69_cm33_core0_SERIES -DCPU_LPC55S69JBD100 -DCPU_LPC55S69JBD100_cm33 -DCR_INTEGER_PRINTF -D__MCUXPRESSO -D__USE_CMSIS -DDEBUG -D__NEWLIB__ -I"C:\Deshna\LPC55S69_TrustZone_PinVault\lpcxpresso55s69_hello_world_s_cm33_core0\source" -I"C:\Deshna\LPC55S69_TrustZone_PinVault\lpcxpresso55s69_hello_world_s_cm33_core0\drivers" -I"C:\Deshna\LPC55S69_TrustZone_PinVault\lpcxpresso55s69_hello_world_s_cm33_core0\CMSIS" -I"C:\Deshna\LPC55S69_TrustZone_PinVault\lpcxpresso55s69_hello_world_s_cm33_core0\CMSIS\m-profile" -I"C:\Deshna\LPC55S69_TrustZone_PinVault\lpcxpresso55s69_hello_world_s_cm33_core0\device" -I"C:\Deshna\LPC55S69_TrustZone_PinVault\lpcxpresso55s69_hello_world_s_cm33_core0\device\periph" -I"C:\Deshna\LPC55S69_TrustZone_PinVault\lpcxpresso55s69_hello_world_s_cm33_core0\utilities" -I"C:\Deshna\LPC55S69_TrustZone_PinVault\lpcxpresso55s69_hello_world_s_cm33_core0\utilities\str" -I"C:\Deshna\LPC55S69_TrustZone_PinVault\lpcxpresso55s69_hello_world_s_cm33_core0\utilities\debug_console_lite" -I"C:\Deshna\LPC55S69_TrustZone_PinVault\lpcxpresso55s69_hello_world_s_cm33_core0\component\uart" -I"C:\Deshna\LPC55S69_TrustZone_PinVault\lpcxpresso55s69_hello_world_s_cm33_core0\board" -O0 -fno-common -g3 -gdwarf-4 -Wno-unused-variable -Wno-unused-but-set-variable -Wno-return-type -Wno-bool-operation -D __SEMIHOST_HARDFAULT_DISABLE -mcpu=cortex-m33 -c -ffunction-sections -fdata-sections -fno-builtin -imacros "C:\Deshna\LPC55S69_TrustZone_PinVault\lpcxpresso55s69_hello_world_s_cm33_core0\source\mcux_config.h" -imacros "C:\Deshna\LPC55S69_TrustZone_PinVault\lpcxpresso55s69_hello_world_s_cm33_core0\source\mcuxsdk_version.h" -fmerge-constants -fmacro-prefix-map="../source/"= -mcpu=cortex-m33 -mfpu=fpv5-sp-d16 -mfloat-abi=hard -mthumb -mcmse -D__NEWLIB__ -fstack-usage -specs=nano.specs -MMD -MP -MF"source/tzm_api.d" -MT"source/tzm_api.o" -MT"source/tzm_api.d" -o "source/tzm_api.o" "../source/tzm_api.c"
Building file: ../source/tzm_config.c
Building file: ../source/veneer_table.c
Invoking: MCU C Compiler
Building file: ../drivers/fsl_clock.c
Invoking: MCU C Compiler
arm-none-eabi-gcc -std=gnu99 -DMCUXPRESSO_SDK -DCPU_LPC55S69JBD100_cm33_core0 -DSDK_DEBUGCONSOLE=1 -DMCUX_META_BUILD -DLPC55S69_cm33_core0_SERIES -DCPU_LPC55S69JBD100 -DCPU_LPC55S69JBD100_cm33 -DCR_INTEGER_PRINTF -D__MCUXPRESSO -D__USE_CMSIS -DDEBUG -D__NEWLIB__ -I"C:\Deshna\LPC55S69_TrustZone_PinVault\lpcxpresso55s69_hello_world_s_cm33_core0\source" -I"C:\Deshna\LPC55S69_TrustZone_PinVault\lpcxpresso55s69_hello_world_s_cm33_core0\drivers" -I"C:\Deshna\LPC55S69_TrustZone_PinVault\lpcxpresso55s69_hello_world_s_cm33_core0\CMSIS" -I"C:\Deshna\LPC55S69_TrustZone_PinVault\lpcxpresso55s69_hello_world_s_cm33_core0\CMSIS\m-profile" -I"C:\Deshna\LPC55S69_TrustZone_PinVault\lpcxpresso55s69_hello_world_s_cm33_core0\device" -I"C:\Deshna\LPC55S69_TrustZone_PinVault\lpcxpresso55s69_hello_world_s_cm33_core0\device\periph" -I"C:\Deshna\LPC55S69_TrustZone_PinVault\lpcxpresso55s69_hello_world_s_cm33_core0\utilities" -I"C:\Deshna\LPC55S69_TrustZone_PinVault\lpcxpresso55s69_hello_world_s_cm33_core0\utilities\str" -I"C:\Deshna\LPC55S69_TrustZone_PinVault\lpcxpresso55s69_hello_world_s_cm33_core0\utilities\debug_console_lite" -I"C:\Deshna\LPC55S69_TrustZone_PinVault\lpcxpresso55s69_hello_world_s_cm33_core0\component\uart" -I"C:\Deshna\LPC55S69_TrustZone_PinVault\lpcxpresso55s69_hello_world_s_cm33_core0\board" -O0 -fno-common -g3 -gdwarf-4 -Wno-unused-variable -Wno-unused-but-set-variable -Wno-return-type -Wno-bool-operation -D __SEMIHOST_HARDFAULT_DISABLE -mcpu=cortex-m33 -c -ffunction-sections -fdata-sections -fno-builtin -imacros "C:\Deshna\LPC55S69_TrustZone_PinVault\lpcxpresso55s69_hello_world_s_cm33_core0\source\mcux_config.h" -imacros "C:\Deshna\LPC55S69_TrustZone_PinVault\lpcxpresso55s69_hello_world_s_cm33_core0\source\mcuxsdk_version.h" -fmerge-constants -fmacro-prefix-map="../source/"= -mcpu=cortex-m33 -mfpu=fpv5-sp-d16 -mfloat-abi=hard -mthumb -mcmse -D__NEWLIB__ -fstack-usage -specs=nano.specs -MMD -MP -MF"source/tzm_config.d" -MT"source/tzm_config.o" -MT"source/tzm_config.d" -o "source/tzm_config.o" "../source/tzm_config.c"
Building file: ../drivers/fsl_common.c
Finished building: ../utilities/fsl_memcpy.S
arm-none-eabi-gcc -std=gnu99 -DMCUXPRESSO_SDK -DCPU_LPC55S69JBD100_cm33_core0 -DSDK_DEBUGCONSOLE=1 -DMCUX_META_BUILD -DLPC55S69_cm33_core0_SERIES -DCPU_LPC55S69JBD100 -DCPU_LPC55S69JBD100_cm33 -DCR_INTEGER_PRINTF -D__MCUXPRESSO -D__USE_CMSIS -DDEBUG -D__NEWLIB__ -I"C:\Deshna\LPC55S69_TrustZone_PinVault\lpcxpresso55s69_hello_world_s_cm33_core0\source" -I"C:\Deshna\LPC55S69_TrustZone_PinVault\lpcxpresso55s69_hello_world_s_cm33_core0\drivers" -I"C:\Deshna\LPC55S69_TrustZone_PinVault\lpcxpresso55s69_hello_world_s_cm33_core0\CMSIS" -I"C:\Deshna\LPC55S69_TrustZone_PinVault\lpcxpresso55s69_hello_world_s_cm33_core0\CMSIS\m-profile" -I"C:\Deshna\LPC55S69_TrustZone_PinVault\lpcxpresso55s69_hello_world_s_cm33_core0\device" -I"C:\Deshna\LPC55S69_TrustZone_PinVault\lpcxpresso55s69_hello_world_s_cm33_core0\device\periph" -I"C:\Deshna\LPC55S69_TrustZone_PinVault\lpcxpresso55s69_hello_world_s_cm33_core0\utilities" -I"C:\Deshna\LPC55S69_TrustZone_PinVault\lpcxpresso55s69_hello_world_s_cm33_core0\utilities\str" -I"C:\Deshna\LPC55S69_TrustZone_PinVault\lpcxpresso55s69_hello_world_s_cm33_core0\utilities\debug_console_lite" -I"C:\Deshna\LPC55S69_TrustZone_PinVault\lpcxpresso55s69_hello_world_s_cm33_core0\component\uart" -I"C:\Deshna\LPC55S69_TrustZone_PinVault\lpcxpresso55s69_hello_world_s_cm33_core0\board" -O0 -fno-common -g3 -gdwarf-4 -Wno-unused-variable -Wno-unused-but-set-variable -Wno-return-type -Wno-bool-operation -D __SEMIHOST_HARDFAULT_DISABLE -mcpu=cortex-m33 -c -ffunction-sections -fdata-sections -fno-builtin -imacros "C:\Deshna\LPC55S69_TrustZone_PinVault\lpcxpresso55s69_hello_world_s_cm33_core0\source\mcux_config.h" -imacros "C:\Deshna\LPC55S69_TrustZone_PinVault\lpcxpresso55s69_hello_world_s_cm33_core0\source\mcuxsdk_version.h" -fmerge-constants -fmacro-prefix-map="../source/"= -mcpu=cortex-m33 -mfpu=fpv5-sp-d16 -mfloat-abi=hard -mthumb -mcmse -D__NEWLIB__ -fstack-usage -specs=nano.specs -MMD -MP -MF"source/veneer_table.d" -MT"source/veneer_table.o" -MT"source/veneer_table.d" -o "source/veneer_table.o" "../source/veneer_table.c"
Invoking: MCU C Compiler
arm-none-eabi-gcc -std=gnu99 -DMCUXPRESSO_SDK -DCPU_LPC55S69JBD100_cm33_core0 -DSDK_DEBUGCONSOLE=1 -DMCUX_META_BUILD -DLPC55S69_cm33_core0_SERIES -DCPU_LPC55S69JBD100 -DCPU_LPC55S69JBD100_cm33 -DCR_INTEGER_PRINTF -D__MCUXPRESSO -D__USE_CMSIS -DDEBUG -D__NEWLIB__ -I"C:\Deshna\LPC55S69_TrustZone_PinVault\lpcxpresso55s69_hello_world_s_cm33_core0\source" -I"C:\Deshna\LPC55S69_TrustZone_PinVault\lpcxpresso55s69_hello_world_s_cm33_core0\drivers" -I"C:\Deshna\LPC55S69_TrustZone_PinVault\lpcxpresso55s69_hello_world_s_cm33_core0\CMSIS" -I"C:\Deshna\LPC55S69_TrustZone_PinVault\lpcxpresso55s69_hello_world_s_cm33_core0\CMSIS\m-profile" -I"C:\Deshna\LPC55S69_TrustZone_PinVault\lpcxpresso55s69_hello_world_s_cm33_core0\device" -I"C:\Deshna\LPC55S69_TrustZone_PinVault\lpcxpresso55s69_hello_world_s_cm33_core0\device\periph" -I"C:\Deshna\LPC55S69_TrustZone_PinVault\lpcxpresso55s69_hello_world_s_cm33_core0\utilities" -I"C:\Deshna\LPC55S69_TrustZone_PinVault\lpcxpresso55s69_hello_world_s_cm33_core0\utilities\str" -I"C:\Deshna\LPC55S69_TrustZone_PinVault\lpcxpresso55s69_hello_world_s_cm33_core0\utilities\debug_console_lite" -I"C:\Deshna\LPC55S69_TrustZone_PinVault\lpcxpresso55s69_hello_world_s_cm33_core0\component\uart" -I"C:\Deshna\LPC55S69_TrustZone_PinVault\lpcxpresso55s69_hello_world_s_cm33_core0\board" -O0 -fno-common -g3 -gdwarf-4 -Wno-unused-variable -Wno-unused-but-set-variable -Wno-return-type -Wno-bool-operation -D __SEMIHOST_HARDFAULT_DISABLE -mcpu=cortex-m33 -c -ffunction-sections -fdata-sections -fno-builtin -imacros "C:\Deshna\LPC55S69_TrustZone_PinVault\lpcxpresso55s69_hello_world_s_cm33_core0\source\mcux_config.h" -imacros "C:\Deshna\LPC55S69_TrustZone_PinVault\lpcxpresso55s69_hello_world_s_cm33_core0\source\mcuxsdk_version.h" -fmerge-constants -fmacro-prefix-map="../drivers/"= -mcpu=cortex-m33 -mfpu=fpv5-sp-d16 -mfloat-abi=hard -mthumb -mcmse -D__NEWLIB__ -fstack-usage -specs=nano.specs -MMD -MP -MF"drivers/fsl_clock.d" -MT"drivers/fsl_clock.o" -MT"drivers/fsl_clock.d" -o "drivers/fsl_clock.o" "../drivers/fsl_clock.c"
Invoking: MCU C Compiler
arm-none-eabi-gcc -std=gnu99 -DMCUXPRESSO_SDK -DCPU_LPC55S69JBD100_cm33_core0 -DSDK_DEBUGCONSOLE=1 -DMCUX_META_BUILD -DLPC55S69_cm33_core0_SERIES -DCPU_LPC55S69JBD100 -DCPU_LPC55S69JBD100_cm33 -DCR_INTEGER_PRINTF -D__MCUXPRESSO -D__USE_CMSIS -DDEBUG -D__NEWLIB__ -I"C:\Deshna\LPC55S69_TrustZone_PinVault\lpcxpresso55s69_hello_world_s_cm33_core0\source" -I"C:\Deshna\LPC55S69_TrustZone_PinVault\lpcxpresso55s69_hello_world_s_cm33_core0\drivers" -I"C:\Deshna\LPC55S69_TrustZone_PinVault\lpcxpresso55s69_hello_world_s_cm33_core0\CMSIS" -I"C:\Deshna\LPC55S69_TrustZone_PinVault\lpcxpresso55s69_hello_world_s_cm33_core0\CMSIS\m-profile" -I"C:\Deshna\LPC55S69_TrustZone_PinVault\lpcxpresso55s69_hello_world_s_cm33_core0\device" -I"C:\Deshna\LPC55S69_TrustZone_PinVault\lpcxpresso55s69_hello_world_s_cm33_core0\device\periph" -I"C:\Deshna\LPC55S69_TrustZone_PinVault\lpcxpresso55s69_hello_world_s_cm33_core0\utilities" -I"C:\Deshna\LPC55S69_TrustZone_PinVault\lpcxpresso55s69_hello_world_s_cm33_core0\utilities\str" -I"C:\Deshna\LPC55S69_TrustZone_PinVault\lpcxpresso55s69_hello_world_s_cm33_core0\utilities\debug_console_lite" -I"C:\Deshna\LPC55S69_TrustZone_PinVault\lpcxpresso55s69_hello_world_s_cm33_core0\component\uart" -I"C:\Deshna\LPC55S69_TrustZone_PinVault\lpcxpresso55s69_hello_world_s_cm33_core0\board" -O0 -fno-common -g3 -gdwarf-4 -Wno-unused-variable -Wno-unused-but-set-variable -Wno-return-type -Wno-bool-operation -D __SEMIHOST_HARDFAULT_DISABLE -mcpu=cortex-m33 -c -ffunction-sections -fdata-sections -fno-builtin -imacros "C:\Deshna\LPC55S69_TrustZone_PinVault\lpcxpresso55s69_hello_world_s_cm33_core0\source\mcux_config.h" -imacros "C:\Deshna\LPC55S69_TrustZone_PinVault\lpcxpresso55s69_hello_world_s_cm33_core0\source\mcuxsdk_version.h" -fmerge-constants -fmacro-prefix-map="../drivers/"= -mcpu=cortex-m33 -mfpu=fpv5-sp-d16 -mfloat-abi=hard -mthumb -mcmse -D__NEWLIB__ -fstack-usage -specs=nano.specs -MMD -MP -MF"drivers/fsl_common.d" -MT"drivers/fsl_common.o" -MT"drivers/fsl_common.d" -o "drivers/fsl_common.o" "../drivers/fsl_common.c"
 
Building file: ../drivers/fsl_common_arm.c
Finished building: ../startup/boot_multicore_slave.c
Building file: ../drivers/fsl_flexcomm.c
Building file: ../drivers/fsl_gpio.c
 
Building file: ../drivers/fsl_i2c.c
Invoking: MCU C Compiler
Invoking: MCU C Compiler
Invoking: MCU C Compiler
arm-none-eabi-gcc -std=gnu99 -DMCUXPRESSO_SDK -DCPU_LPC55S69JBD100_cm33_core0 -DSDK_DEBUGCONSOLE=1 -DMCUX_META_BUILD -DLPC55S69_cm33_core0_SERIES -DCPU_LPC55S69JBD100 -DCPU_LPC55S69JBD100_cm33 -DCR_INTEGER_PRINTF -D__MCUXPRESSO -D__USE_CMSIS -DDEBUG -D__NEWLIB__ -I"C:\Deshna\LPC55S69_TrustZone_PinVault\lpcxpresso55s69_hello_world_s_cm33_core0\source" -I"C:\Deshna\LPC55S69_TrustZone_PinVault\lpcxpresso55s69_hello_world_s_cm33_core0\drivers" -I"C:\Deshna\LPC55S69_TrustZone_PinVault\lpcxpresso55s69_hello_world_s_cm33_core0\CMSIS" -I"C:\Deshna\LPC55S69_TrustZone_PinVault\lpcxpresso55s69_hello_world_s_cm33_core0\CMSIS\m-profile" -I"C:\Deshna\LPC55S69_TrustZone_PinVault\lpcxpresso55s69_hello_world_s_cm33_core0\device" -I"C:\Deshna\LPC55S69_TrustZone_PinVault\lpcxpresso55s69_hello_world_s_cm33_core0\device\periph" -I"C:\Deshna\LPC55S69_TrustZone_PinVault\lpcxpresso55s69_hello_world_s_cm33_core0\utilities" -I"C:\Deshna\LPC55S69_TrustZone_PinVault\lpcxpresso55s69_hello_world_s_cm33_core0\utilities\str" -I"C:\Deshna\LPC55S69_TrustZone_PinVault\lpcxpresso55s69_hello_world_s_cm33_core0\utilities\debug_console_lite" -I"C:\Deshna\LPC55S69_TrustZone_PinVault\lpcxpresso55s69_hello_world_s_cm33_core0\component\uart" -I"C:\Deshna\LPC55S69_TrustZone_PinVault\lpcxpresso55s69_hello_world_s_cm33_core0\board" -O0 -fno-common -g3 -gdwarf-4 -Wno-unused-variable -Wno-unused-but-set-variable -Wno-return-type -Wno-bool-operation -D __SEMIHOST_HARDFAULT_DISABLE -mcpu=cortex-m33 -c -ffunction-sections -fdata-sections -fno-builtin -imacros "C:\Deshna\LPC55S69_TrustZone_PinVault\lpcxpresso55s69_hello_world_s_cm33_core0\source\mcux_config.h" -imacros "C:\Deshna\LPC55S69_TrustZone_PinVault\lpcxpresso55s69_hello_world_s_cm33_core0\source\mcuxsdk_version.h" -fmerge-constants -fmacro-prefix-map="../drivers/"= -mcpu=cortex-m33 -mfpu=fpv5-sp-d16 -mfloat-abi=hard -mthumb -mcmse -D__NEWLIB__ -fstack-usage -specs=nano.specs -MMD -MP -MF"drivers/fsl_common_arm.d" -MT"drivers/fsl_common_arm.o" -MT"drivers/fsl_common_arm.d" -o "drivers/fsl_common_arm.o" "../drivers/fsl_common_arm.c"
Building file: ../drivers/fsl_power.c
Invoking: MCU C Compiler
arm-none-eabi-gcc -std=gnu99 -DMCUXPRESSO_SDK -DCPU_LPC55S69JBD100_cm33_core0 -DSDK_DEBUGCONSOLE=1 -DMCUX_META_BUILD -DLPC55S69_cm33_core0_SERIES -DCPU_LPC55S69JBD100 -DCPU_LPC55S69JBD100_cm33 -DCR_INTEGER_PRINTF -D__MCUXPRESSO -D__USE_CMSIS -DDEBUG -D__NEWLIB__ -I"C:\Deshna\LPC55S69_TrustZone_PinVault\lpcxpresso55s69_hello_world_s_cm33_core0\source" -I"C:\Deshna\LPC55S69_TrustZone_PinVault\lpcxpresso55s69_hello_world_s_cm33_core0\drivers" -I"C:\Deshna\LPC55S69_TrustZone_PinVault\lpcxpresso55s69_hello_world_s_cm33_core0\CMSIS" -I"C:\Deshna\LPC55S69_TrustZone_PinVault\lpcxpresso55s69_hello_world_s_cm33_core0\CMSIS\m-profile" -I"C:\Deshna\LPC55S69_TrustZone_PinVault\lpcxpresso55s69_hello_world_s_cm33_core0\device" -I"C:\Deshna\LPC55S69_TrustZone_PinVault\lpcxpresso55s69_hello_world_s_cm33_core0\device\periph" -I"C:\Deshna\LPC55S69_TrustZone_PinVault\lpcxpresso55s69_hello_world_s_cm33_core0\utilities" -I"C:\Deshna\LPC55S69_TrustZone_PinVault\lpcxpresso55s69_hello_world_s_cm33_core0\utilities\str" -I"C:\Deshna\LPC55S69_TrustZone_PinVault\lpcxpresso55s69_hello_world_s_cm33_core0\utilities\debug_console_lite" -I"C:\Deshna\LPC55S69_TrustZone_PinVault\lpcxpresso55s69_hello_world_s_cm33_core0\component\uart" -I"C:\Deshna\LPC55S69_TrustZone_PinVault\lpcxpresso55s69_hello_world_s_cm33_core0\board" -O0 -fno-common -g3 -gdwarf-4 -Wno-unused-variable -Wno-unused-but-set-variable -Wno-return-type -Wno-bool-operation -D __SEMIHOST_HARDFAULT_DISABLE -mcpu=cortex-m33 -c -ffunction-sections -fdata-sections -fno-builtin -imacros "C:\Deshna\LPC55S69_TrustZone_PinVault\lpcxpresso55s69_hello_world_s_cm33_core0\source\mcux_config.h" -imacros "C:\Deshna\LPC55S69_TrustZone_PinVault\lpcxpresso55s69_hello_world_s_cm33_core0\source\mcuxsdk_version.h" -fmerge-constants -fmacro-prefix-map="../drivers/"= -mcpu=cortex-m33 -mfpu=fpv5-sp-d16 -mfloat-abi=hard -mthumb -mcmse -D__NEWLIB__ -fstack-usage -specs=nano.specs -MMD -MP -MF"drivers/fsl_flexcomm.d" -MT"drivers/fsl_flexcomm.o" -MT"drivers/fsl_flexcomm.d" -o "drivers/fsl_flexcomm.o" "../drivers/fsl_flexcomm.c"
arm-none-eabi-gcc -std=gnu99 -DMCUXPRESSO_SDK -DCPU_LPC55S69JBD100_cm33_core0 -DSDK_DEBUGCONSOLE=1 -DMCUX_META_BUILD -DLPC55S69_cm33_core0_SERIES -DCPU_LPC55S69JBD100 -DCPU_LPC55S69JBD100_cm33 -DCR_INTEGER_PRINTF -D__MCUXPRESSO -D__USE_CMSIS -DDEBUG -D__NEWLIB__ -I"C:\Deshna\LPC55S69_TrustZone_PinVault\lpcxpresso55s69_hello_world_s_cm33_core0\source" -I"C:\Deshna\LPC55S69_TrustZone_PinVault\lpcxpresso55s69_hello_world_s_cm33_core0\drivers" -I"C:\Deshna\LPC55S69_TrustZone_PinVault\lpcxpresso55s69_hello_world_s_cm33_core0\CMSIS" -I"C:\Deshna\LPC55S69_TrustZone_PinVault\lpcxpresso55s69_hello_world_s_cm33_core0\CMSIS\m-profile" -I"C:\Deshna\LPC55S69_TrustZone_PinVault\lpcxpresso55s69_hello_world_s_cm33_core0\device" -I"C:\Deshna\LPC55S69_TrustZone_PinVault\lpcxpresso55s69_hello_world_s_cm33_core0\device\periph" -I"C:\Deshna\LPC55S69_TrustZone_PinVault\lpcxpresso55s69_hello_world_s_cm33_core0\utilities" -I"C:\Deshna\LPC55S69_TrustZone_PinVault\lpcxpresso55s69_hello_world_s_cm33_core0\utilities\str" -I"C:\Deshna\LPC55S69_TrustZone_PinVault\lpcxpresso55s69_hello_world_s_cm33_core0\utilities\debug_console_lite" -I"C:\Deshna\LPC55S69_TrustZone_PinVault\lpcxpresso55s69_hello_world_s_cm33_core0\component\uart" -I"C:\Deshna\LPC55S69_TrustZone_PinVault\lpcxpresso55s69_hello_world_s_cm33_core0\board" -O0 -fno-common -g3 -gdwarf-4 -Wno-unused-variable -Wno-unused-but-set-variable -Wno-return-type -Wno-bool-operation -D __SEMIHOST_HARDFAULT_DISABLE -mcpu=cortex-m33 -c -ffunction-sections -fdata-sections -fno-builtin -imacros "C:\Deshna\LPC55S69_TrustZone_PinVault\lpcxpresso55s69_hello_world_s_cm33_core0\source\mcux_config.h" -imacros "C:\Deshna\LPC55S69_TrustZone_PinVault\lpcxpresso55s69_hello_world_s_cm33_core0\source\mcuxsdk_version.h" -fmerge-constants -fmacro-prefix-map="../drivers/"= -mcpu=cortex-m33 -mfpu=fpv5-sp-d16 -mfloat-abi=hard -mthumb -mcmse -D__NEWLIB__ -fstack-usage -specs=nano.specs -MMD -MP -MF"drivers/fsl_gpio.d" -MT"drivers/fsl_gpio.o" -MT"drivers/fsl_gpio.d" -o "drivers/fsl_gpio.o" "../drivers/fsl_gpio.c"
Finished building: ../source/semihost_hardfault.c
arm-none-eabi-gcc -std=gnu99 -DMCUXPRESSO_SDK -DCPU_LPC55S69JBD100_cm33_core0 -DSDK_DEBUGCONSOLE=1 -DMCUX_META_BUILD -DLPC55S69_cm33_core0_SERIES -DCPU_LPC55S69JBD100 -DCPU_LPC55S69JBD100_cm33 -DCR_INTEGER_PRINTF -D__MCUXPRESSO -D__USE_CMSIS -DDEBUG -D__NEWLIB__ -I"C:\Deshna\LPC55S69_TrustZone_PinVault\lpcxpresso55s69_hello_world_s_cm33_core0\source" -I"C:\Deshna\LPC55S69_TrustZone_PinVault\lpcxpresso55s69_hello_world_s_cm33_core0\drivers" -I"C:\Deshna\LPC55S69_TrustZone_PinVault\lpcxpresso55s69_hello_world_s_cm33_core0\CMSIS" -I"C:\Deshna\LPC55S69_TrustZone_PinVault\lpcxpresso55s69_hello_world_s_cm33_core0\CMSIS\m-profile" -I"C:\Deshna\LPC55S69_TrustZone_PinVault\lpcxpresso55s69_hello_world_s_cm33_core0\device" -I"C:\Deshna\LPC55S69_TrustZone_PinVault\lpcxpresso55s69_hello_world_s_cm33_core0\device\periph" -I"C:\Deshna\LPC55S69_TrustZone_PinVault\lpcxpresso55s69_hello_world_s_cm33_core0\utilities" -I"C:\Deshna\LPC55S69_TrustZone_PinVault\lpcxpresso55s69_hello_world_s_cm33_core0\utilities\str" -I"C:\Deshna\LPC55S69_TrustZone_PinVault\lpcxpresso55s69_hello_world_s_cm33_core0\utilities\debug_console_lite" -I"C:\Deshna\LPC55S69_TrustZone_PinVault\lpcxpresso55s69_hello_world_s_cm33_core0\component\uart" -I"C:\Deshna\LPC55S69_TrustZone_PinVault\lpcxpresso55s69_hello_world_s_cm33_core0\board" -O0 -fno-common -g3 -gdwarf-4 -Wno-unused-variable -Wno-unused-but-set-variable -Wno-return-type -Wno-bool-operation -D __SEMIHOST_HARDFAULT_DISABLE -mcpu=cortex-m33 -c -ffunction-sections -fdata-sections -fno-builtin -imacros "C:\Deshna\LPC55S69_TrustZone_PinVault\lpcxpresso55s69_hello_world_s_cm33_core0\source\mcux_config.h" -imacros "C:\Deshna\LPC55S69_TrustZone_PinVault\lpcxpresso55s69_hello_world_s_cm33_core0\source\mcuxsdk_version.h" -fmerge-constants -fmacro-prefix-map="../drivers/"= -mcpu=cortex-m33 -mfpu=fpv5-sp-d16 -mfloat-abi=hard -mthumb -mcmse -D__NEWLIB__ -fstack-usage -specs=nano.specs -MMD -MP -MF"drivers/fsl_i2c.d" -MT"drivers/fsl_i2c.o" -MT"drivers/fsl_i2c.d" -o "drivers/fsl_i2c.o" "../drivers/fsl_i2c.c"
Invoking: MCU C Compiler
arm-none-eabi-gcc -std=gnu99 -DMCUXPRESSO_SDK -DCPU_LPC55S69JBD100_cm33_core0 -DSDK_DEBUGCONSOLE=1 -DMCUX_META_BUILD -DLPC55S69_cm33_core0_SERIES -DCPU_LPC55S69JBD100 -DCPU_LPC55S69JBD100_cm33 -DCR_INTEGER_PRINTF -D__MCUXPRESSO -D__USE_CMSIS -DDEBUG -D__NEWLIB__ -I"C:\Deshna\LPC55S69_TrustZone_PinVault\lpcxpresso55s69_hello_world_s_cm33_core0\source" -I"C:\Deshna\LPC55S69_TrustZone_PinVault\lpcxpresso55s69_hello_world_s_cm33_core0\drivers" -I"C:\Deshna\LPC55S69_TrustZone_PinVault\lpcxpresso55s69_hello_world_s_cm33_core0\CMSIS" -I"C:\Deshna\LPC55S69_TrustZone_PinVault\lpcxpresso55s69_hello_world_s_cm33_core0\CMSIS\m-profile" -I"C:\Deshna\LPC55S69_TrustZone_PinVault\lpcxpresso55s69_hello_world_s_cm33_core0\device" -I"C:\Deshna\LPC55S69_TrustZone_PinVault\lpcxpresso55s69_hello_world_s_cm33_core0\device\periph" -I"C:\Deshna\LPC55S69_TrustZone_PinVault\lpcxpresso55s69_hello_world_s_cm33_core0\utilities" -I"C:\Deshna\LPC55S69_TrustZone_PinVault\lpcxpresso55s69_hello_world_s_cm33_core0\utilities\str" -I"C:\Deshna\LPC55S69_TrustZone_PinVault\lpcxpresso55s69_hello_world_s_cm33_core0\utilities\debug_console_lite" -I"C:\Deshna\LPC55S69_TrustZone_PinVault\lpcxpresso55s69_hello_world_s_cm33_core0\component\uart" -I"C:\Deshna\LPC55S69_TrustZone_PinVault\lpcxpresso55s69_hello_world_s_cm33_core0\board" -O0 -fno-common -g3 -gdwarf-4 -Wno-unused-variable -Wno-unused-but-set-variable -Wno-return-type -Wno-bool-operation -D __SEMIHOST_HARDFAULT_DISABLE -mcpu=cortex-m33 -c -ffunction-sections -fdata-sections -fno-builtin -imacros "C:\Deshna\LPC55S69_TrustZone_PinVault\lpcxpresso55s69_hello_world_s_cm33_core0\source\mcux_config.h" -imacros "C:\Deshna\LPC55S69_TrustZone_PinVault\lpcxpresso55s69_hello_world_s_cm33_core0\source\mcuxsdk_version.h" -fmerge-constants -fmacro-prefix-map="../drivers/"= -mcpu=cortex-m33 -mfpu=fpv5-sp-d16 -mfloat-abi=hard -mthumb -mcmse -D__NEWLIB__ -fstack-usage -specs=nano.specs -MMD -MP -MF"drivers/fsl_power.d" -MT"drivers/fsl_power.o" -MT"drivers/fsl_power.d" -o "drivers/fsl_power.o" "../drivers/fsl_power.c"
 
Building file: ../drivers/fsl_reset.c
Building file: ../drivers/fsl_spi.c
Building file: ../drivers/fsl_usart.c
Finished building: ../startup/startup_lpc55s69_cm33_core0.c
Building file: ../device/system_LPC55S69_cm33_core0.c
Invoking: MCU C Compiler
Invoking: MCU C Compiler
Invoking: MCU C Compiler
arm-none-eabi-gcc -std=gnu99 -DMCUXPRESSO_SDK -DCPU_LPC55S69JBD100_cm33_core0 -DSDK_DEBUGCONSOLE=1 -DMCUX_META_BUILD -DLPC55S69_cm33_core0_SERIES -DCPU_LPC55S69JBD100 -DCPU_LPC55S69JBD100_cm33 -DCR_INTEGER_PRINTF -D__MCUXPRESSO -D__USE_CMSIS -DDEBUG -D__NEWLIB__ -I"C:\Deshna\LPC55S69_TrustZone_PinVault\lpcxpresso55s69_hello_world_s_cm33_core0\source" -I"C:\Deshna\LPC55S69_TrustZone_PinVault\lpcxpresso55s69_hello_world_s_cm33_core0\drivers" -I"C:\Deshna\LPC55S69_TrustZone_PinVault\lpcxpresso55s69_hello_world_s_cm33_core0\CMSIS" -I"C:\Deshna\LPC55S69_TrustZone_PinVault\lpcxpresso55s69_hello_world_s_cm33_core0\CMSIS\m-profile" -I"C:\Deshna\LPC55S69_TrustZone_PinVault\lpcxpresso55s69_hello_world_s_cm33_core0\device" -I"C:\Deshna\LPC55S69_TrustZone_PinVault\lpcxpresso55s69_hello_world_s_cm33_core0\device\periph" -I"C:\Deshna\LPC55S69_TrustZone_PinVault\lpcxpresso55s69_hello_world_s_cm33_core0\utilities" -I"C:\Deshna\LPC55S69_TrustZone_PinVault\lpcxpresso55s69_hello_world_s_cm33_core0\utilities\str" -I"C:\Deshna\LPC55S69_TrustZone_PinVault\lpcxpresso55s69_hello_world_s_cm33_core0\utilities\debug_console_lite" -I"C:\Deshna\LPC55S69_TrustZone_PinVault\lpcxpresso55s69_hello_world_s_cm33_core0\component\uart" -I"C:\Deshna\LPC55S69_TrustZone_PinVault\lpcxpresso55s69_hello_world_s_cm33_core0\board" -O0 -fno-common -g3 -gdwarf-4 -Wno-unused-variable -Wno-unused-but-set-variable -Wno-return-type -Wno-bool-operation -D __SEMIHOST_HARDFAULT_DISABLE -mcpu=cortex-m33 -c -ffunction-sections -fdata-sections -fno-builtin -imacros "C:\Deshna\LPC55S69_TrustZone_PinVault\lpcxpresso55s69_hello_world_s_cm33_core0\source\mcux_config.h" -imacros "C:\Deshna\LPC55S69_TrustZone_PinVault\lpcxpresso55s69_hello_world_s_cm33_core0\source\mcuxsdk_version.h" -fmerge-constants -fmacro-prefix-map="../drivers/"= -mcpu=cortex-m33 -mfpu=fpv5-sp-d16 -mfloat-abi=hard -mthumb -mcmse -D__NEWLIB__ -fstack-usage -specs=nano.specs -MMD -MP -MF"drivers/fsl_usart.d" -MT"drivers/fsl_usart.o" -MT"drivers/fsl_usart.d" -o "drivers/fsl_usart.o" "../drivers/fsl_usart.c"
Building file: ../component/uart/fsl_adapter_usart.c
arm-none-eabi-gcc -std=gnu99 -DMCUXPRESSO_SDK -DCPU_LPC55S69JBD100_cm33_core0 -DSDK_DEBUGCONSOLE=1 -DMCUX_META_BUILD -DLPC55S69_cm33_core0_SERIES -DCPU_LPC55S69JBD100 -DCPU_LPC55S69JBD100_cm33 -DCR_INTEGER_PRINTF -D__MCUXPRESSO -D__USE_CMSIS -DDEBUG -D__NEWLIB__ -I"C:\Deshna\LPC55S69_TrustZone_PinVault\lpcxpresso55s69_hello_world_s_cm33_core0\source" -I"C:\Deshna\LPC55S69_TrustZone_PinVault\lpcxpresso55s69_hello_world_s_cm33_core0\drivers" -I"C:\Deshna\LPC55S69_TrustZone_PinVault\lpcxpresso55s69_hello_world_s_cm33_core0\CMSIS" -I"C:\Deshna\LPC55S69_TrustZone_PinVault\lpcxpresso55s69_hello_world_s_cm33_core0\CMSIS\m-profile" -I"C:\Deshna\LPC55S69_TrustZone_PinVault\lpcxpresso55s69_hello_world_s_cm33_core0\device" -I"C:\Deshna\LPC55S69_TrustZone_PinVault\lpcxpresso55s69_hello_world_s_cm33_core0\device\periph" -I"C:\Deshna\LPC55S69_TrustZone_PinVault\lpcxpresso55s69_hello_world_s_cm33_core0\utilities" -I"C:\Deshna\LPC55S69_TrustZone_PinVault\lpcxpresso55s69_hello_world_s_cm33_core0\utilities\str" -I"C:\Deshna\LPC55S69_TrustZone_PinVault\lpcxpresso55s69_hello_world_s_cm33_core0\utilities\debug_console_lite" -I"C:\Deshna\LPC55S69_TrustZone_PinVault\lpcxpresso55s69_hello_world_s_cm33_core0\component\uart" -I"C:\Deshna\LPC55S69_TrustZone_PinVault\lpcxpresso55s69_hello_world_s_cm33_core0\board" -O0 -fno-common -g3 -gdwarf-4 -Wno-unused-variable -Wno-unused-but-set-variable -Wno-return-type -Wno-bool-operation -D __SEMIHOST_HARDFAULT_DISABLE -mcpu=cortex-m33 -c -ffunction-sections -fdata-sections -fno-builtin -imacros "C:\Deshna\LPC55S69_TrustZone_PinVault\lpcxpresso55s69_hello_world_s_cm33_core0\source\mcux_config.h" -imacros "C:\Deshna\LPC55S69_TrustZone_PinVault\lpcxpresso55s69_hello_world_s_cm33_core0\source\mcuxsdk_version.h" -fmerge-constants -fmacro-prefix-map="../drivers/"= -mcpu=cortex-m33 -mfpu=fpv5-sp-d16 -mfloat-abi=hard -mthumb -mcmse -D__NEWLIB__ -fstack-usage -specs=nano.specs -MMD -MP -MF"drivers/fsl_reset.d" -MT"drivers/fsl_reset.o" -MT"drivers/fsl_reset.d" -o "drivers/fsl_reset.o" "../drivers/fsl_reset.c"
 
arm-none-eabi-gcc -std=gnu99 -DMCUXPRESSO_SDK -DCPU_LPC55S69JBD100_cm33_core0 -DSDK_DEBUGCONSOLE=1 -DMCUX_META_BUILD -DLPC55S69_cm33_core0_SERIES -DCPU_LPC55S69JBD100 -DCPU_LPC55S69JBD100_cm33 -DCR_INTEGER_PRINTF -D__MCUXPRESSO -D__USE_CMSIS -DDEBUG -D__NEWLIB__ -I"C:\Deshna\LPC55S69_TrustZone_PinVault\lpcxpresso55s69_hello_world_s_cm33_core0\source" -I"C:\Deshna\LPC55S69_TrustZone_PinVault\lpcxpresso55s69_hello_world_s_cm33_core0\drivers" -I"C:\Deshna\LPC55S69_TrustZone_PinVault\lpcxpresso55s69_hello_world_s_cm33_core0\CMSIS" -I"C:\Deshna\LPC55S69_TrustZone_PinVault\lpcxpresso55s69_hello_world_s_cm33_core0\CMSIS\m-profile" -I"C:\Deshna\LPC55S69_TrustZone_PinVault\lpcxpresso55s69_hello_world_s_cm33_core0\device" -I"C:\Deshna\LPC55S69_TrustZone_PinVault\lpcxpresso55s69_hello_world_s_cm33_core0\device\periph" -I"C:\Deshna\LPC55S69_TrustZone_PinVault\lpcxpresso55s69_hello_world_s_cm33_core0\utilities" -I"C:\Deshna\LPC55S69_TrustZone_PinVault\lpcxpresso55s69_hello_world_s_cm33_core0\utilities\str" -I"C:\Deshna\LPC55S69_TrustZone_PinVault\lpcxpresso55s69_hello_world_s_cm33_core0\utilities\debug_console_lite" -I"C:\Deshna\LPC55S69_TrustZone_PinVault\lpcxpresso55s69_hello_world_s_cm33_core0\component\uart" -I"C:\Deshna\LPC55S69_TrustZone_PinVault\lpcxpresso55s69_hello_world_s_cm33_core0\board" -O0 -fno-common -g3 -gdwarf-4 -Wno-unused-variable -Wno-unused-but-set-variable -Wno-return-type -Wno-bool-operation -D __SEMIHOST_HARDFAULT_DISABLE -mcpu=cortex-m33 -c -ffunction-sections -fdata-sections -fno-builtin -imacros "C:\Deshna\LPC55S69_TrustZone_PinVault\lpcxpresso55s69_hello_world_s_cm33_core0\source\mcux_config.h" -imacros "C:\Deshna\LPC55S69_TrustZone_PinVault\lpcxpresso55s69_hello_world_s_cm33_core0\source\mcuxsdk_version.h" -fmerge-constants -fmacro-prefix-map="../drivers/"= -mcpu=cortex-m33 -mfpu=fpv5-sp-d16 -mfloat-abi=hard -mthumb -mcmse -D__NEWLIB__ -fstack-usage -specs=nano.specs -MMD -MP -MF"drivers/fsl_spi.d" -MT"drivers/fsl_spi.o" -MT"drivers/fsl_spi.d" -o "drivers/fsl_spi.o" "../drivers/fsl_spi.c"
Invoking: MCU C Compiler
arm-none-eabi-gcc -std=gnu99 -DMCUXPRESSO_SDK -DCPU_LPC55S69JBD100_cm33_core0 -DSDK_DEBUGCONSOLE=1 -DMCUX_META_BUILD -DLPC55S69_cm33_core0_SERIES -DCPU_LPC55S69JBD100 -DCPU_LPC55S69JBD100_cm33 -DCR_INTEGER_PRINTF -D__MCUXPRESSO -D__USE_CMSIS -DDEBUG -D__NEWLIB__ -I"C:\Deshna\LPC55S69_TrustZone_PinVault\lpcxpresso55s69_hello_world_s_cm33_core0\source" -I"C:\Deshna\LPC55S69_TrustZone_PinVault\lpcxpresso55s69_hello_world_s_cm33_core0\drivers" -I"C:\Deshna\LPC55S69_TrustZone_PinVault\lpcxpresso55s69_hello_world_s_cm33_core0\CMSIS" -I"C:\Deshna\LPC55S69_TrustZone_PinVault\lpcxpresso55s69_hello_world_s_cm33_core0\CMSIS\m-profile" -I"C:\Deshna\LPC55S69_TrustZone_PinVault\lpcxpresso55s69_hello_world_s_cm33_core0\device" -I"C:\Deshna\LPC55S69_TrustZone_PinVault\lpcxpresso55s69_hello_world_s_cm33_core0\device\periph" -I"C:\Deshna\LPC55S69_TrustZone_PinVault\lpcxpresso55s69_hello_world_s_cm33_core0\utilities" -I"C:\Deshna\LPC55S69_TrustZone_PinVault\lpcxpresso55s69_hello_world_s_cm33_core0\utilities\str" -I"C:\Deshna\LPC55S69_TrustZone_PinVault\lpcxpresso55s69_hello_world_s_cm33_core0\utilities\debug_console_lite" -I"C:\Deshna\LPC55S69_TrustZone_PinVault\lpcxpresso55s69_hello_world_s_cm33_core0\component\uart" -I"C:\Deshna\LPC55S69_TrustZone_PinVault\lpcxpresso55s69_hello_world_s_cm33_core0\board" -O0 -fno-common -g3 -gdwarf-4 -Wno-unused-variable -Wno-unused-but-set-variable -Wno-return-type -Wno-bool-operation -D __SEMIHOST_HARDFAULT_DISABLE -mcpu=cortex-m33 -c -ffunction-sections -fdata-sections -fno-builtin -imacros "C:\Deshna\LPC55S69_TrustZone_PinVault\lpcxpresso55s69_hello_world_s_cm33_core0\source\mcux_config.h" -imacros "C:\Deshna\LPC55S69_TrustZone_PinVault\lpcxpresso55s69_hello_world_s_cm33_core0\source\mcuxsdk_version.h" -fmerge-constants -fmacro-prefix-map="../device/"= -mcpu=cortex-m33 -mfpu=fpv5-sp-d16 -mfloat-abi=hard -mthumb -mcmse -D__NEWLIB__ -fstack-usage -specs=nano.specs -MMD -MP -MF"device/system_LPC55S69_cm33_core0.d" -MT"device/system_LPC55S69_cm33_core0.o" -MT"device/system_LPC55S69_cm33_core0.d" -o "device/system_LPC55S69_cm33_core0.o" "../device/system_LPC55S69_cm33_core0.c"
Invoking: MCU C Compiler
Building file: ../board/board.c
arm-none-eabi-gcc -std=gnu99 -DMCUXPRESSO_SDK -DCPU_LPC55S69JBD100_cm33_core0 -DSDK_DEBUGCONSOLE=1 -DMCUX_META_BUILD -DLPC55S69_cm33_core0_SERIES -DCPU_LPC55S69JBD100 -DCPU_LPC55S69JBD100_cm33 -DCR_INTEGER_PRINTF -D__MCUXPRESSO -D__USE_CMSIS -DDEBUG -D__NEWLIB__ -I"C:\Deshna\LPC55S69_TrustZone_PinVault\lpcxpresso55s69_hello_world_s_cm33_core0\source" -I"C:\Deshna\LPC55S69_TrustZone_PinVault\lpcxpresso55s69_hello_world_s_cm33_core0\drivers" -I"C:\Deshna\LPC55S69_TrustZone_PinVault\lpcxpresso55s69_hello_world_s_cm33_core0\CMSIS" -I"C:\Deshna\LPC55S69_TrustZone_PinVault\lpcxpresso55s69_hello_world_s_cm33_core0\CMSIS\m-profile" -I"C:\Deshna\LPC55S69_TrustZone_PinVault\lpcxpresso55s69_hello_world_s_cm33_core0\device" -I"C:\Deshna\LPC55S69_TrustZone_PinVault\lpcxpresso55s69_hello_world_s_cm33_core0\device\periph" -I"C:\Deshna\LPC55S69_TrustZone_PinVault\lpcxpresso55s69_hello_world_s_cm33_core0\utilities" -I"C:\Deshna\LPC55S69_TrustZone_PinVault\lpcxpresso55s69_hello_world_s_cm33_core0\utilities\str" -I"C:\Deshna\LPC55S69_TrustZone_PinVault\lpcxpresso55s69_hello_world_s_cm33_core0\utilities\debug_console_lite" -I"C:\Deshna\LPC55S69_TrustZone_PinVault\lpcxpresso55s69_hello_world_s_cm33_core0\component\uart" -I"C:\Deshna\LPC55S69_TrustZone_PinVault\lpcxpresso55s69_hello_world_s_cm33_core0\board" -O0 -fno-common -g3 -gdwarf-4 -Wno-unused-variable -Wno-unused-but-set-variable -Wno-return-type -Wno-bool-operation -D __SEMIHOST_HARDFAULT_DISABLE -mcpu=cortex-m33 -c -ffunction-sections -fdata-sections -fno-builtin -imacros "C:\Deshna\LPC55S69_TrustZone_PinVault\lpcxpresso55s69_hello_world_s_cm33_core0\source\mcux_config.h" -imacros "C:\Deshna\LPC55S69_TrustZone_PinVault\lpcxpresso55s69_hello_world_s_cm33_core0\source\mcuxsdk_version.h" -fmerge-constants -fmacro-prefix-map="../component/uart/"= -mcpu=cortex-m33 -mfpu=fpv5-sp-d16 -mfloat-abi=hard -mthumb -mcmse -D__NEWLIB__ -fstack-usage -specs=nano.specs -MMD -MP -MF"component/uart/fsl_adapter_usart.d" -MT"component/uart/fsl_adapter_usart.o" -MT"component/uart/fsl_adapter_usart.d" -o "component/uart/fsl_adapter_usart.o" "../component/uart/fsl_adapter_usart.c"
Invoking: MCU C Compiler
arm-none-eabi-gcc -std=gnu99 -DMCUXPRESSO_SDK -DCPU_LPC55S69JBD100_cm33_core0 -DSDK_DEBUGCONSOLE=1 -DMCUX_META_BUILD -DLPC55S69_cm33_core0_SERIES -DCPU_LPC55S69JBD100 -DCPU_LPC55S69JBD100_cm33 -DCR_INTEGER_PRINTF -D__MCUXPRESSO -D__USE_CMSIS -DDEBUG -D__NEWLIB__ -I"C:\Deshna\LPC55S69_TrustZone_PinVault\lpcxpresso55s69_hello_world_s_cm33_core0\source" -I"C:\Deshna\LPC55S69_TrustZone_PinVault\lpcxpresso55s69_hello_world_s_cm33_core0\drivers" -I"C:\Deshna\LPC55S69_TrustZone_PinVault\lpcxpresso55s69_hello_world_s_cm33_core0\CMSIS" -I"C:\Deshna\LPC55S69_TrustZone_PinVault\lpcxpresso55s69_hello_world_s_cm33_core0\CMSIS\m-profile" -I"C:\Deshna\LPC55S69_TrustZone_PinVault\lpcxpresso55s69_hello_world_s_cm33_core0\device" -I"C:\Deshna\LPC55S69_TrustZone_PinVault\lpcxpresso55s69_hello_world_s_cm33_core0\device\periph" -I"C:\Deshna\LPC55S69_TrustZone_PinVault\lpcxpresso55s69_hello_world_s_cm33_core0\utilities" -I"C:\Deshna\LPC55S69_TrustZone_PinVault\lpcxpresso55s69_hello_world_s_cm33_core0\utilities\str" -I"C:\Deshna\LPC55S69_TrustZone_PinVault\lpcxpresso55s69_hello_world_s_cm33_core0\utilities\debug_console_lite" -I"C:\Deshna\LPC55S69_TrustZone_PinVault\lpcxpresso55s69_hello_world_s_cm33_core0\component\uart" -I"C:\Deshna\LPC55S69_TrustZone_PinVault\lpcxpresso55s69_hello_world_s_cm33_core0\board" -O0 -fno-common -g3 -gdwarf-4 -Wno-unused-variable -Wno-unused-but-set-variable -Wno-return-type -Wno-bool-operation -D __SEMIHOST_HARDFAULT_DISABLE -mcpu=cortex-m33 -c -ffunction-sections -fdata-sections -fno-builtin -imacros "C:\Deshna\LPC55S69_TrustZone_PinVault\lpcxpresso55s69_hello_world_s_cm33_core0\source\mcux_config.h" -imacros "C:\Deshna\LPC55S69_TrustZone_PinVault\lpcxpresso55s69_hello_world_s_cm33_core0\source\mcuxsdk_version.h" -fmerge-constants -fmacro-prefix-map="../board/"= -mcpu=cortex-m33 -mfpu=fpv5-sp-d16 -mfloat-abi=hard -mthumb -mcmse -D__NEWLIB__ -fstack-usage -specs=nano.specs -MMD -MP -MF"board/board.d" -MT"board/board.o" -MT"board/board.d" -o "board/board.o" "../board/board.c"
Finished building: ../utilities/fsl_assert.c
Finished building: ../utilities/debug_console_lite/fsl_debug_console.c
Finished building: ../utilities/str/fsl_str.c
 
 
Finished building: ../source/tzm_api.c
 
Finished building: ../source/pin_vault_s.c
 
Building file: ../board/clock_config.c
Building file: ../board/hardware_init.c
 
Building file: ../board/pin_mux.c
Invoking: MCU C Compiler
Finished building: ../source/tzm_config.c
Invoking: MCU C Compiler
arm-none-eabi-gcc -std=gnu99 -DMCUXPRESSO_SDK -DCPU_LPC55S69JBD100_cm33_core0 -DSDK_DEBUGCONSOLE=1 -DMCUX_META_BUILD -DLPC55S69_cm33_core0_SERIES -DCPU_LPC55S69JBD100 -DCPU_LPC55S69JBD100_cm33 -DCR_INTEGER_PRINTF -D__MCUXPRESSO -D__USE_CMSIS -DDEBUG -D__NEWLIB__ -I"C:\Deshna\LPC55S69_TrustZone_PinVault\lpcxpresso55s69_hello_world_s_cm33_core0\source" -I"C:\Deshna\LPC55S69_TrustZone_PinVault\lpcxpresso55s69_hello_world_s_cm33_core0\drivers" -I"C:\Deshna\LPC55S69_TrustZone_PinVault\lpcxpresso55s69_hello_world_s_cm33_core0\CMSIS" -I"C:\Deshna\LPC55S69_TrustZone_PinVault\lpcxpresso55s69_hello_world_s_cm33_core0\CMSIS\m-profile" -I"C:\Deshna\LPC55S69_TrustZone_PinVault\lpcxpresso55s69_hello_world_s_cm33_core0\device" -I"C:\Deshna\LPC55S69_TrustZone_PinVault\lpcxpresso55s69_hello_world_s_cm33_core0\device\periph" -I"C:\Deshna\LPC55S69_TrustZone_PinVault\lpcxpresso55s69_hello_world_s_cm33_core0\utilities" -I"C:\Deshna\LPC55S69_TrustZone_PinVault\lpcxpresso55s69_hello_world_s_cm33_core0\utilities\str" -I"C:\Deshna\LPC55S69_TrustZone_PinVault\lpcxpresso55s69_hello_world_s_cm33_core0\utilities\debug_console_lite" -I"C:\Deshna\LPC55S69_TrustZone_PinVault\lpcxpresso55s69_hello_world_s_cm33_core0\component\uart" -I"C:\Deshna\LPC55S69_TrustZone_PinVault\lpcxpresso55s69_hello_world_s_cm33_core0\board" -O0 -fno-common -g3 -gdwarf-4 -Wno-unused-variable -Wno-unused-but-set-variable -Wno-return-type -Wno-bool-operation -D __SEMIHOST_HARDFAULT_DISABLE -mcpu=cortex-m33 -c -ffunction-sections -fdata-sections -fno-builtin -imacros "C:\Deshna\LPC55S69_TrustZone_PinVault\lpcxpresso55s69_hello_world_s_cm33_core0\source\mcux_config.h" -imacros "C:\Deshna\LPC55S69_TrustZone_PinVault\lpcxpresso55s69_hello_world_s_cm33_core0\source\mcuxsdk_version.h" -fmerge-constants -fmacro-prefix-map="../board/"= -mcpu=cortex-m33 -mfpu=fpv5-sp-d16 -mfloat-abi=hard -mthumb -mcmse -D__NEWLIB__ -fstack-usage -specs=nano.specs -MMD -MP -MF"board/clock_config.d" -MT"board/clock_config.o" -MT"board/clock_config.d" -o "board/clock_config.o" "../board/clock_config.c"
Finished building: ../source/veneer_table.c
Invoking: MCU C Compiler
arm-none-eabi-gcc -std=gnu99 -DMCUXPRESSO_SDK -DCPU_LPC55S69JBD100_cm33_core0 -DSDK_DEBUGCONSOLE=1 -DMCUX_META_BUILD -DLPC55S69_cm33_core0_SERIES -DCPU_LPC55S69JBD100 -DCPU_LPC55S69JBD100_cm33 -DCR_INTEGER_PRINTF -D__MCUXPRESSO -D__USE_CMSIS -DDEBUG -D__NEWLIB__ -I"C:\Deshna\LPC55S69_TrustZone_PinVault\lpcxpresso55s69_hello_world_s_cm33_core0\source" -I"C:\Deshna\LPC55S69_TrustZone_PinVault\lpcxpresso55s69_hello_world_s_cm33_core0\drivers" -I"C:\Deshna\LPC55S69_TrustZone_PinVault\lpcxpresso55s69_hello_world_s_cm33_core0\CMSIS" -I"C:\Deshna\LPC55S69_TrustZone_PinVault\lpcxpresso55s69_hello_world_s_cm33_core0\CMSIS\m-profile" -I"C:\Deshna\LPC55S69_TrustZone_PinVault\lpcxpresso55s69_hello_world_s_cm33_core0\device" -I"C:\Deshna\LPC55S69_TrustZone_PinVault\lpcxpresso55s69_hello_world_s_cm33_core0\device\periph" -I"C:\Deshna\LPC55S69_TrustZone_PinVault\lpcxpresso55s69_hello_world_s_cm33_core0\utilities" -I"C:\Deshna\LPC55S69_TrustZone_PinVault\lpcxpresso55s69_hello_world_s_cm33_core0\utilities\str" -I"C:\Deshna\LPC55S69_TrustZone_PinVault\lpcxpresso55s69_hello_world_s_cm33_core0\utilities\debug_console_lite" -I"C:\Deshna\LPC55S69_TrustZone_PinVault\lpcxpresso55s69_hello_world_s_cm33_core0\component\uart" -I"C:\Deshna\LPC55S69_TrustZone_PinVault\lpcxpresso55s69_hello_world_s_cm33_core0\board" -O0 -fno-common -g3 -gdwarf-4 -Wno-unused-variable -Wno-unused-but-set-variable -Wno-return-type -Wno-bool-operation -D __SEMIHOST_HARDFAULT_DISABLE -mcpu=cortex-m33 -c -ffunction-sections -fdata-sections -fno-builtin -imacros "C:\Deshna\LPC55S69_TrustZone_PinVault\lpcxpresso55s69_hello_world_s_cm33_core0\source\mcux_config.h" -imacros "C:\Deshna\LPC55S69_TrustZone_PinVault\lpcxpresso55s69_hello_world_s_cm33_core0\source\mcuxsdk_version.h" -fmerge-constants -fmacro-prefix-map="../board/"= -mcpu=cortex-m33 -mfpu=fpv5-sp-d16 -mfloat-abi=hard -mthumb -mcmse -D__NEWLIB__ -fstack-usage -specs=nano.specs -MMD -MP -MF"board/hardware_init.d" -MT"board/hardware_init.o" -MT"board/hardware_init.d" -o "board/hardware_init.o" "../board/hardware_init.c"
Finished building: ../drivers/fsl_common.c
 
arm-none-eabi-gcc -std=gnu99 -DMCUXPRESSO_SDK -DCPU_LPC55S69JBD100_cm33_core0 -DSDK_DEBUGCONSOLE=1 -DMCUX_META_BUILD -DLPC55S69_cm33_core0_SERIES -DCPU_LPC55S69JBD100 -DCPU_LPC55S69JBD100_cm33 -DCR_INTEGER_PRINTF -D__MCUXPRESSO -D__USE_CMSIS -DDEBUG -D__NEWLIB__ -I"C:\Deshna\LPC55S69_TrustZone_PinVault\lpcxpresso55s69_hello_world_s_cm33_core0\source" -I"C:\Deshna\LPC55S69_TrustZone_PinVault\lpcxpresso55s69_hello_world_s_cm33_core0\drivers" -I"C:\Deshna\LPC55S69_TrustZone_PinVault\lpcxpresso55s69_hello_world_s_cm33_core0\CMSIS" -I"C:\Deshna\LPC55S69_TrustZone_PinVault\lpcxpresso55s69_hello_world_s_cm33_core0\CMSIS\m-profile" -I"C:\Deshna\LPC55S69_TrustZone_PinVault\lpcxpresso55s69_hello_world_s_cm33_core0\device" -I"C:\Deshna\LPC55S69_TrustZone_PinVault\lpcxpresso55s69_hello_world_s_cm33_core0\device\periph" -I"C:\Deshna\LPC55S69_TrustZone_PinVault\lpcxpresso55s69_hello_world_s_cm33_core0\utilities" -I"C:\Deshna\LPC55S69_TrustZone_PinVault\lpcxpresso55s69_hello_world_s_cm33_core0\utilities\str" -I"C:\Deshna\LPC55S69_TrustZone_PinVault\lpcxpresso55s69_hello_world_s_cm33_core0\utilities\debug_console_lite" -I"C:\Deshna\LPC55S69_TrustZone_PinVault\lpcxpresso55s69_hello_world_s_cm33_core0\component\uart" -I"C:\Deshna\LPC55S69_TrustZone_PinVault\lpcxpresso55s69_hello_world_s_cm33_core0\board" -O0 -fno-common -g3 -gdwarf-4 -Wno-unused-variable -Wno-unused-but-set-variable -Wno-return-type -Wno-bool-operation -D __SEMIHOST_HARDFAULT_DISABLE -mcpu=cortex-m33 -c -ffunction-sections -fdata-sections -fno-builtin -imacros "C:\Deshna\LPC55S69_TrustZone_PinVault\lpcxpresso55s69_hello_world_s_cm33_core0\source\mcux_config.h" -imacros "C:\Deshna\LPC55S69_TrustZone_PinVault\lpcxpresso55s69_hello_world_s_cm33_core0\source\mcuxsdk_version.h" -fmerge-constants -fmacro-prefix-map="../board/"= -mcpu=cortex-m33 -mfpu=fpv5-sp-d16 -mfloat-abi=hard -mthumb -mcmse -D__NEWLIB__ -fstack-usage -specs=nano.specs -MMD -MP -MF"board/pin_mux.d" -MT"board/pin_mux.o" -MT"board/pin_mux.d" -o "board/pin_mux.o" "../board/pin_mux.c"
Finished building: ../drivers/fsl_common_arm.c
 
 
 
Finished building: ../drivers/fsl_flexcomm.c
Finished building: ../drivers/fsl_clock.c
Finished building: ../drivers/fsl_gpio.c
 
 
 
Finished building: ../device/system_LPC55S69_cm33_core0.c
 
Finished building: ../drivers/fsl_i2c.c
 
Finished building: ../drivers/fsl_reset.c
Finished building: ../drivers/fsl_power.c
Finished building: ../component/uart/fsl_adapter_usart.c
 
 
 
Finished building: ../board/board.c
Finished building: ../drivers/fsl_spi.c
Finished building: ../drivers/fsl_usart.c
 
 
 
Finished building: ../board/clock_config.c
Finished building: ../board/hardware_init.c
 
Finished building: ../board/pin_mux.c
 
 
Building target: lpcxpresso55s69_hello_world_s_cm33_core0.axf
Invoking: MCU Linker
arm-none-eabi-gcc -nostdlib --specs=nosys.specs -Xlinker -no-warn-rwx-segments -Xlinker -Map="lpcxpresso55s69_hello_world_s_cm33_core0.map" -Xlinker --gc-sections -Xlinker -print-memory-usage -Xlinker --sort-section=alignment -Xlinker --cref -mcpu=cortex-m33 -mfpu=fpv5-sp-d16 -mfloat-abi=hard -mthumb -T lpcxpresso55s69_hello_world_s_cm33_core0_Debug.ld -Xlinker --out-implib="lpcxpresso55s69_hello_world_s_cm33_core0_CMSE_lib.o" -Xlinker --cmse-implib -o "lpcxpresso55s69_hello_world_s_cm33_core0.axf" ./utilities/str/fsl_str.o  ./utilities/debug_console_lite/fsl_debug_console.o  ./utilities/fsl_assert.o ./utilities/fsl_memcpy.o  ./startup/boot_multicore_slave.o ./startup/startup_lpc55s69_cm33_core0.o  ./source/pin_vault_s.o ./source/semihost_hardfault.o ./source/tzm_api.o ./source/tzm_config.o ./source/veneer_table.o  ./drivers/fsl_clock.o ./drivers/fsl_common.o ./drivers/fsl_common_arm.o ./drivers/fsl_flexcomm.o ./drivers/fsl_gpio.o ./drivers/fsl_i2c.o ./drivers/fsl_power.o ./drivers/fsl_reset.o ./drivers/fsl_spi.o ./drivers/fsl_usart.o  ./device/system_LPC55S69_cm33_core0.o  ./component/uart/fsl_adapter_usart.o  ./board/board.o ./board/clock_config.o ./board/hardware_init.o ./board/pin_mux.o   
Memory region         Used Size  Region Size  %age Used
   PROGRAM_FLASH:       18244 B      65024 B     28.06%
 SG_veneer_table:         128 B        512 B     25.00%
            Ram0:        4372 B        32 KB     13.34%
            Ram1:          0 GB        68 KB      0.00%
    rpmsg_sh_mem:          0 GB         6 KB      0.00%
Finished building target: lpcxpresso55s69_hello_world_s_cm33_core0.axf
 
Performing post-build steps
arm-none-eabi-size "lpcxpresso55s69_hello_world_s_cm33_core0.axf"; # arm-none-eabi-objcopy -v -O binary "lpcxpresso55s69_hello_world_s_cm33_core0.axf" "lpcxpresso55s69_hello_world_s_cm33_core0.bin" ; # checksum -p LPC55S69 -d "lpcxpresso55s69_hello_world_s_cm33_core0.bin";
   text	   data	    bss	    dec	    hex	filename
  18360	     12	   4360	  22732	   58cc	lpcxpresso55s69_hello_world_s_cm33_core0.axf
 
13:43:01 **** Incremental Build of configuration Debug for project lpcxpresso55s69_hello_world_s_cm33_core0 ****
make -r -j20 all 
make[1]: Nothing to be done for 'main-build'.
Performing post-build steps
arm-none-eabi-size "lpcxpresso55s69_hello_world_s_cm33_core0.axf"; # arm-none-eabi-objcopy -v -O binary "lpcxpresso55s69_hello_world_s_cm33_core0.axf" "lpcxpresso55s69_hello_world_s_cm33_core0.bin" ; # checksum -p LPC55S69 -d "lpcxpresso55s69_hello_world_s_cm33_core0.bin";
   text	   data	    bss	    dec	    hex	filename
  18360	     12	   4360	  22732	   58cc	lpcxpresso55s69_hello_world_s_cm33_core0.axf
 
13:43:01 **** Build of configuration Debug for project lpcxpresso55s69_hello_world_ns_cm33_core0 ****
make -r -j20 all 
Building file: ../utilities/str/fsl_str.c
Building file: ../utilities/debug_console_lite/fsl_debug_console.c
Building file: ../utilities/fsl_assert.c
Invoking: MCU C Compiler
Invoking: MCU C Compiler
arm-none-eabi-gcc -std=gnu99 -DMCUXPRESSO_SDK -DCPU_LPC55S69JBD100_cm33_core0 -DSDK_DEBUGCONSOLE=1 -DMCUX_META_BUILD -DLPC55S69_cm33_core0_SERIES -DCPU_LPC55S69JBD100 -DCPU_LPC55S69JBD100_cm33 -DCR_INTEGER_PRINTF -D__MCUXPRESSO -D__USE_CMSIS -DDEBUG -D__NEWLIB__ -I"C:\Deshna\LPC55S69_TrustZone_PinVault\lpcxpresso55s69_hello_world_ns_cm33_core0\source" -I"C:\Deshna\LPC55S69_TrustZone_PinVault\lpcxpresso55s69_hello_world_ns_cm33_core0\drivers" -I"C:\Deshna\LPC55S69_TrustZone_PinVault\lpcxpresso55s69_hello_world_ns_cm33_core0\CMSIS" -I"C:\Deshna\LPC55S69_TrustZone_PinVault\lpcxpresso55s69_hello_world_ns_cm33_core0\CMSIS\m-profile" -I"C:\Deshna\LPC55S69_TrustZone_PinVault\lpcxpresso55s69_hello_world_ns_cm33_core0\device" -I"C:\Deshna\LPC55S69_TrustZone_PinVault\lpcxpresso55s69_hello_world_ns_cm33_core0\device\periph" -I"C:\Deshna\LPC55S69_TrustZone_PinVault\lpcxpresso55s69_hello_world_ns_cm33_core0\utilities" -I"C:\Deshna\LPC55S69_TrustZone_PinVault\lpcxpresso55s69_hello_world_ns_cm33_core0\utilities\str" -I"C:\Deshna\LPC55S69_TrustZone_PinVault\lpcxpresso55s69_hello_world_ns_cm33_core0\utilities\debug_console_lite" -I"C:\Deshna\LPC55S69_TrustZone_PinVault\lpcxpresso55s69_hello_world_ns_cm33_core0\component\uart" -I"C:\Deshna\LPC55S69_TrustZone_PinVault\lpcxpresso55s69_hello_world_ns_cm33_core0\board" -O0 -fno-common -g3 -gdwarf-4 -D __SEMIHOST_HARDFAULT_DISABLE -Wno-unused-variable -Wno-unused-but-set-variable -Wno-return-type -Wno-bool-operation -mcpu=cortex-m33 -c -ffunction-sections -fdata-sections -fno-builtin -imacros "C:\Deshna\LPC55S69_TrustZone_PinVault\lpcxpresso55s69_hello_world_ns_cm33_core0\source\mcux_config.h" -imacros "C:\Deshna\LPC55S69_TrustZone_PinVault\lpcxpresso55s69_hello_world_ns_cm33_core0\source\mcuxsdk_version.h" -fmerge-constants -fmacro-prefix-map="../utilities/str/"= -mcpu=cortex-m33 -mfpu=fpv5-sp-d16 -mfloat-abi=hard -mthumb -D__NEWLIB__ -fstack-usage -specs=nano.specs -MMD -MP -MF"utilities/str/fsl_str.d" -MT"utilities/str/fsl_str.o" -MT"utilities/str/fsl_str.d" -o "utilities/str/fsl_str.o" "../utilities/str/fsl_str.c"
Invoking: MCU C Compiler
arm-none-eabi-gcc -std=gnu99 -DMCUXPRESSO_SDK -DCPU_LPC55S69JBD100_cm33_core0 -DSDK_DEBUGCONSOLE=1 -DMCUX_META_BUILD -DLPC55S69_cm33_core0_SERIES -DCPU_LPC55S69JBD100 -DCPU_LPC55S69JBD100_cm33 -DCR_INTEGER_PRINTF -D__MCUXPRESSO -D__USE_CMSIS -DDEBUG -D__NEWLIB__ -I"C:\Deshna\LPC55S69_TrustZone_PinVault\lpcxpresso55s69_hello_world_ns_cm33_core0\source" -I"C:\Deshna\LPC55S69_TrustZone_PinVault\lpcxpresso55s69_hello_world_ns_cm33_core0\drivers" -I"C:\Deshna\LPC55S69_TrustZone_PinVault\lpcxpresso55s69_hello_world_ns_cm33_core0\CMSIS" -I"C:\Deshna\LPC55S69_TrustZone_PinVault\lpcxpresso55s69_hello_world_ns_cm33_core0\CMSIS\m-profile" -I"C:\Deshna\LPC55S69_TrustZone_PinVault\lpcxpresso55s69_hello_world_ns_cm33_core0\device" -I"C:\Deshna\LPC55S69_TrustZone_PinVault\lpcxpresso55s69_hello_world_ns_cm33_core0\device\periph" -I"C:\Deshna\LPC55S69_TrustZone_PinVault\lpcxpresso55s69_hello_world_ns_cm33_core0\utilities" -I"C:\Deshna\LPC55S69_TrustZone_PinVault\lpcxpresso55s69_hello_world_ns_cm33_core0\utilities\str" -I"C:\Deshna\LPC55S69_TrustZone_PinVault\lpcxpresso55s69_hello_world_ns_cm33_core0\utilities\debug_console_lite" -I"C:\Deshna\LPC55S69_TrustZone_PinVault\lpcxpresso55s69_hello_world_ns_cm33_core0\component\uart" -I"C:\Deshna\LPC55S69_TrustZone_PinVault\lpcxpresso55s69_hello_world_ns_cm33_core0\board" -O0 -fno-common -g3 -gdwarf-4 -D __SEMIHOST_HARDFAULT_DISABLE -Wno-unused-variable -Wno-unused-but-set-variable -Wno-return-type -Wno-bool-operation -mcpu=cortex-m33 -c -ffunction-sections -fdata-sections -fno-builtin -imacros "C:\Deshna\LPC55S69_TrustZone_PinVault\lpcxpresso55s69_hello_world_ns_cm33_core0\source\mcux_config.h" -imacros "C:\Deshna\LPC55S69_TrustZone_PinVault\lpcxpresso55s69_hello_world_ns_cm33_core0\source\mcuxsdk_version.h" -fmerge-constants -fmacro-prefix-map="../utilities/debug_console_lite/"= -mcpu=cortex-m33 -mfpu=fpv5-sp-d16 -mfloat-abi=hard -mthumb -D__NEWLIB__ -fstack-usage -specs=nano.specs -MMD -MP -MF"utilities/debug_console_lite/fsl_debug_console.d" -MT"utilities/debug_console_lite/fsl_debugBuilding file: ../utilities/fsl_memcpy.S
_console.o" -MT"utilities/debug_console_lite/fsl_debug_console.d" -o "utilities/debug_console_lite/fsl_debug_console.o" "../utilities/debug_console_lite/fsl_debug_console.c"
arm-none-eabi-gcc -std=gnu99 -DMCUXPRESSO_SDK -DCPU_LPC55S69JBD100_cm33_core0 -DSDK_DEBUGCONSOLE=1 -DMCUX_META_BUILD -DLPC55S69_cm33_core0_SERIES -DCPU_LPC55S69JBD100 -DCPU_LPC55S69JBD100_cm33 -DCR_INTEGER_PRINTF -D__MCUXPRESSO -D__USE_CMSIS -DDEBUG -D__NEWLIB__ -I"C:\Deshna\LPC55S69_TrustZone_PinVault\lpcxpresso55s69_hello_world_ns_cm33_core0\source" -I"C:\Deshna\LPC55S69_TrustZone_PinVault\lpcxpresso55s69_hello_world_ns_cm33_core0\drivers" -I"C:\Deshna\LPC55S69_TrustZone_PinVault\lpcxpresso55s69_hello_world_ns_cm33_core0\CMSIS" -I"C:\Deshna\LPC55S69_TrustZone_PinVault\lpcxpresso55s69_hello_world_ns_cm33_core0\CMSIS\m-profile" -I"C:\Deshna\LPC55S69_TrustZone_PinVault\lpcxpresso55s69_hello_world_ns_cm33_core0\device" -I"C:\Deshna\LPC55S69_TrustZone_PinVault\lpcxpresso55s69_hello_world_ns_cm33_core0\device\periph" -I"C:\Deshna\LPC55S69_TrustZone_PinVault\lpcxpresso55s69_hello_world_ns_cm33_core0\utilities" -I"C:\Deshna\LPC55S69_TrustZone_PinVault\lpcxpresso55s69_hello_world_ns_cm33_core0\utilities\str" -I"C:\Deshna\LPC55S69_TrustZone_PinVault\lpcxpresso55s69_hello_world_ns_cm33_core0\utilities\debug_console_lite" -I"C:\Deshna\LPC55S69_TrustZone_PinVault\lpcxpresso55s69_hello_world_ns_cm33_core0\component\uart" -I"C:\Deshna\LPC55S69_TrustZone_PinVault\lpcxpresso55s69_hello_world_ns_cm33_core0\board" -O0 -fno-common -g3 -gdwarf-4 -D __SEMIHOST_HARDFAULT_DISABLE -Wno-unused-variable -Wno-unused-but-set-variable -Wno-return-type -Wno-bool-operation -mcpu=cortex-m33 -c -ffunction-sections -fdata-sections -fno-builtin -imacros "C:\Deshna\LPC55S69_TrustZone_PinVault\lpcxpresso55s69_hello_world_ns_cm33_core0\source\mcux_config.h" -imacros "C:\Deshna\LPC55S69_TrustZone_PinVault\lpcxpresso55s69_hello_world_ns_cm33_core0\source\mcuxsdk_version.h" -fmerge-constants -fmacro-prefix-map="../utilities/"= -mcpu=cortex-m33 -mfpu=fpv5-sp-d16 -mfloat-abi=hard -mthumb -D__NEWLIB__ -fstack-usage -specs=nano.specs -MMD -MP -MF"utilities/fsl_assert.d" -MT"utilities/fsl_assert.o" -MT"utilities/fsl_assert.d" -o "utilities/fsl_assert.o" "../utilities/fsl_assert.c"
Invoking: MCU Assembler
Building file: ../startup/boot_multicore_slave.c
arm-none-eabi-gcc -c -x assembler-with-cpp -D__NEWLIB__ -I"C:\Deshna\LPC55S69_TrustZone_PinVault\lpcxpresso55s69_hello_world_ns_cm33_core0\source" -I"C:\Deshna\LPC55S69_TrustZone_PinVault\lpcxpresso55s69_hello_world_ns_cm33_core0\drivers" -I"C:\Deshna\LPC55S69_TrustZone_PinVault\lpcxpresso55s69_hello_world_ns_cm33_core0\CMSIS" -I"C:\Deshna\LPC55S69_TrustZone_PinVault\lpcxpresso55s69_hello_world_ns_cm33_core0\CMSIS\m-profile" -I"C:\Deshna\LPC55S69_TrustZone_PinVault\lpcxpresso55s69_hello_world_ns_cm33_core0\device" -I"C:\Deshna\LPC55S69_TrustZone_PinVault\lpcxpresso55s69_hello_world_ns_cm33_core0\device\periph" -I"C:\Deshna\LPC55S69_TrustZone_PinVault\lpcxpresso55s69_hello_world_ns_cm33_core0\utilities" -I"C:\Deshna\LPC55S69_TrustZone_PinVault\lpcxpresso55s69_hello_world_ns_cm33_core0\utilities\str" -I"C:\Deshna\LPC55S69_TrustZone_PinVault\lpcxpresso55s69_hello_world_ns_cm33_core0\utilities\debug_console_lite" -I"C:\Deshna\LPC55S69_TrustZone_PinVault\lpcxpresso55s69_hello_world_ns_cm33_core0\component\uart" -g3 -gdwarf-4 -mcpu=cortex-m33 -mfpu=fpv5-sp-d16 -mfloat-abi=hard -mthumb -D__NEWLIB__ -specs=nano.specs -o "utilities/fsl_memcpy.o" "../utilities/fsl_memcpy.S"
Building file: ../startup/startup_lpc55s69_cm33_core0.c
Invoking: MCU C Compiler
arm-none-eabi-gcc -std=gnu99 -DMCUXPRESSO_SDK -DCPU_LPC55S69JBD100_cm33_core0 -DSDK_DEBUGCONSOLE=1 -DMCUX_META_BUILD -DLPC55S69_cm33_core0_SERIES -DCPU_LPC55S69JBD100 -DCPU_LPC55S69JBD100_cm33 -DCR_INTEGER_PRINTF -D__MCUXPRESSO -D__USE_CMSIS -DDEBUG -D__NEWLIB__ -I"C:\Deshna\LPC55S69_TrustZone_PinVault\lpcxpresso55s69_hello_world_ns_cm33_core0\source" -I"C:\Deshna\LPC55S69_TrustZone_PinVault\lpcxpresso55s69_hello_world_ns_cm33_core0\drivers" -I"C:\Deshna\LPC55S69_TrustZone_PinVault\lpcxpresso55s69_hello_world_ns_cm33_core0\CMSIS" -I"C:\Deshna\LPC55S69_TrustZone_PinVault\lpcxpresso55s69_hello_world_ns_cm33_core0\CMSIS\m-profile" -I"C:\Deshna\LPC55S69_TrustZone_PinVault\lpcxpresso55s69_hello_world_ns_cm33_core0\device" -I"C:\Deshna\LPC55S69_TrustZone_PinVault\lpcxpresso55s69_hello_world_ns_cm33_core0\device\periph" -I"C:\Deshna\LPC55S69_TrustZone_PinVault\lpcxpresso55s69_hello_world_ns_cm33_core0\utilities" -I"C:\Deshna\LPC55S69_TrustZone_PinVault\lpcxpresso55s69_hello_world_ns_cm33_core0\utilities\str" -I"C:\Deshna\LPC55S69_TrustZone_PinVault\lpcxpresso55s69_hello_world_ns_cm33_core0\utilities\debug_console_lite" -I"C:\Deshna\LPC55S69_TrustZone_PinVault\lpcxpresso55s69_hello_world_ns_cm33_core0\component\uart" -I"C:\Deshna\LPC55S69_TrustZone_PinVault\lpcxpresso55s69_hello_world_ns_cm33_core0\board" -O0 -fno-common -g3 -gdwarf-4 -D __SEMIHOST_HARDFAULT_DISABLE -Wno-unused-variable -Wno-unused-but-set-variable -Wno-return-type -Wno-bool-operation -mcpu=cortex-m33 -c -ffunction-sections -fdata-sections -fno-builtin -imacros "C:\Deshna\LPC55S69_TrustZone_PinVault\lpcxpresso55s69_hello_world_ns_cm33_core0\source\mcux_config.h" -imacros "C:\Deshna\LPC55S69_TrustZone_PinVault\lpcxpresso55s69_hello_world_ns_cm33_core0\source\mcuxsdk_version.h" -fmerge-constants -fmacro-prefix-map="../startup/"= -mcpu=cortex-m33 -mfpu=fpv5-sp-d16 -mfloat-abi=hard -mthumb -D__NEWLIB__ -fstack-usage -specs=nano.specs -MMD -MP -MF"startup/boot_multicore_slave.d" -MT"startup/boot_multicore_slave.o" -MT"startup/boot_multicore_slave.d" -o "startup/boot_multicore_slave.o" "../startup/boot_multicore_slave.c"
Building file: ../source/pin_vault_ns.c
Invoking: MCU C Compiler
arm-none-eabi-gcc -std=gnu99 -DMCUXPRESSO_SDK -DCPU_LPC55S69JBD100_cm33_core0 -DSDK_DEBUGCONSOLE=1 -DMCUX_META_BUILD -DLPC55S69_cm33_core0_SERIES -DCPU_LPC55S69JBD100 -DCPU_LPC55S69JBD100_cm33 -DCR_INTEGER_PRINTF -D__MCUXPRESSO -D__USE_CMSIS -DDEBUG -D__NEWLIB__ -I"C:\Deshna\LPC55S69_TrustZone_PinVault\lpcxpresso55s69_hello_world_ns_cm33_core0\source" -I"C:\Deshna\LPC55S69_TrustZone_PinVault\lpcxpresso55s69_hello_world_ns_cm33_core0\drivers" -I"C:\Deshna\LPC55S69_TrustZone_PinVault\lpcxpresso55s69_hello_world_ns_cm33_core0\CMSIS" -I"C:\Deshna\LPC55S69_TrustZone_PinVault\lpcxpresso55s69_hello_world_ns_cm33_core0\CMSIS\m-profile" -I"C:\Deshna\LPC55S69_TrustZone_PinVault\lpcxpresso55s69_hello_world_ns_cm33_core0\device" -I"C:\Deshna\LPC55S69_TrustZone_PinVault\lpcxpresso55s69_hello_world_ns_cm33_core0\device\periph" -I"C:\Deshna\LPC55S69_TrustZone_PinVault\lpcxpresso55s69_hello_world_ns_cm33_core0\utilities" -I"C:\Deshna\LPC55S69_TrustZone_PinVault\lpcxpresso55s69_hello_world_ns_cm33_core0\utilities\str" -I"C:\Deshna\LPC55S69_TrustZone_PinVault\lpcxpresso55s69_hello_world_ns_cm33_core0\utilities\debug_console_lite" -I"C:\Deshna\LPC55S69_TrustZone_PinVault\lpcxpresso55s69_hello_world_ns_cm33_core0\component\uart" -I"C:\Deshna\LPC55S69_TrustZone_PinVault\lpcxpresso55s69_hello_world_ns_cm33_core0\board" -O0 -fno-common -g3 -gdwarf-4 -D __SEMIHOST_HARDFAULT_DISABLE -Wno-unused-variable -Wno-unused-but-set-variable -Wno-return-type -Wno-bool-operation -mcpu=cortex-m33 -c -ffunction-sections -fdata-sections -fno-builtin -imacros "C:\Deshna\LPC55S69_TrustZone_PinVault\lpcxpresso55s69_hello_world_ns_cm33_core0\source\mcux_config.h" -imacros "C:\Deshna\LPC55S69_TrustZone_PinVault\lpcxpresso55s69_hello_world_ns_cm33_core0\source\mcuxsdk_version.h" -fmerge-constants -fmacro-prefix-map="../startup/"= -mcpu=cortex-m33 -mfpu=fpv5-sp-d16 -mfloat-abi=hard -mthumb -D__NEWLIB__ -fstack-usage -specs=nano.specs -MMD -MP -MF"startup/startup_lpc55s69_cm33_core0.d" -MT"startup/startup_lpc55s69_cm33_core0.o" -MT"startup/startup_lpc55s69_cm33_core0.d" -o "startup/startup_lpc55s69_cm33_core0.o" "../startup/startup_lpc55s69_cm33_core0.c"
Invoking: MCU C Compiler
arm-none-eabi-gcc -std=gnu99 -DMCUXPRESSO_SDK -DCPU_LPC55S69JBD100_cm33_core0 -DSDK_DEBUGCONSOLE=1 -DMCUX_META_BUILD -DLPC55S69_cm33_core0_SERIES -DCPU_LPC55S69JBD100 -DCPU_LPC55S69JBD100_cm33 -DCR_INTEGER_PRINTF -D__MCUXPRESSO -D__USE_CMSIS -DDEBUG -D__NEWLIB__ -I"C:\Deshna\LPC55S69_TrustZone_PinVault\lpcxpresso55s69_hello_world_ns_cm33_core0\source" -I"C:\Deshna\LPC55S69_TrustZone_PinVault\lpcxpresso55s69_hello_world_ns_cm33_core0\drivers" -I"C:\Deshna\LPC55S69_TrustZone_PinVault\lpcxpresso55s69_hello_world_ns_cm33_core0\CMSIS" -I"C:\Deshna\LPC55S69_TrustZone_PinVault\lpcxpresso55s69_hello_world_ns_cm33_core0\CMSIS\m-profile" -I"C:\Deshna\LPC55S69_TrustZone_PinVault\lpcxpresso55s69_hello_world_ns_cm33_core0\device" -I"C:\Deshna\LPC55S69_TrustZone_PinVault\lpcxpresso55s69_hello_world_ns_cm33_core0\device\periph" -I"C:\Deshna\LPC55S69_TrustZone_PinVault\lpcxpresso55s69_hello_world_ns_cm33_core0\utilities" -I"C:\Deshna\LPC55S69_TrustZone_PinVault\lpcxpresso55s69_hello_world_ns_cm33_core0\utilities\str" -I"C:\Deshna\LPC55S69_TrustZone_PinVault\lpcxpresso55s69_hello_world_ns_cm33_core0\utilities\debug_console_lite" -I"C:\Deshna\LPC55S69_TrustZone_PinVault\lpcxpresso55s69_hello_world_ns_cm33_core0\component\uart" -I"C:\Deshna\LPC55S69_TrustZone_PinVault\lpcxpresso55s69_hello_world_ns_cm33_core0\board" -O0 -fno-common -g3 -gdwarf-4 -D __SEMIHOST_HARDFAULT_DISABLE -Wno-unused-variable -Wno-unused-but-set-variable -Wno-return-type -Wno-bool-operation -mcpu=cortex-m33 -c -ffunction-sections -fdata-sections -fno-builtin -imacros "C:\Deshna\LPC55S69_TrustZone_PinVault\lpcxpresso55s69_hello_world_ns_cm33_core0\source\mcux_config.h" -imacros "C:\Deshna\LPC55S69_TrustZone_PinVault\lpcxpresso55s69_hello_world_ns_cm33_core0\source\mcuxsdk_version.h" -fmerge-constants -fmacro-prefix-map="../source/"= -mcpu=cortex-m33 -mfpu=fpv5-sp-d16 -mfloat-abi=hard -mthumb -D__NEWLIB__ -fstack-usage -specs=nano.specs -MMD -MP -MF"source/pin_vault_ns.d" -MT"source/pin_vault_ns.o" -MT"source/pin_vault_ns.d" -o "source/pin_vault_ns.o" "../source/pin_vault_ns.c"
Building file: ../source/semihost_hardfault.c
Building file: ../drivers/fsl_clock.c
Invoking: MCU C Compiler
Building file: ../drivers/fsl_common.c
[...]
Finished building: ../startup/startup_lpc55s69_cm33_core0.c
Invoking: MCU C Compiler
arm-none-eabi-gcc -std=gnu99 -DMCUXPRESSO_SDK -DCPU_LPC55S69JBD100_cm33_core0 -DSDK_DEBUGCONSOLE=1 -DMCUX_META_BUILD -DLPC55S69_cm33_core0_SERIES -DCPU_LPC55S69JBD100 -DCPU_LPC55S69JBD100_cm33 -DCR_INTEGER_PRINTF -D__MCUXPRESSO -D__USE_CMSIS -DDEBUG -D__NEWLIB__ -I"C:\Deshna\LPC55S69_TrustZone_PinVault\lpcxpresso55s69_hello_world_ns_cm33_core0\source" -I"C:\Deshna\LPC55S69_TrustZone_PinVault\lpcxpresso55s69_hello_world_ns_cm33_core0\drivers" -I"C:\Deshna\LPC55S69_TrustZone_PinVault\lpcxpresso55s69_hello_world_ns_cm33_core0\CMSIS" -I"C:\Deshna\LPC55S69_TrustZone_PinVault\lpcxpresso55s69_hello_world_ns_cm33_core0\CMSIS\m-profile" -I"C:\Deshna\LPC55S69_TrustZone_PinVault\lpcxpresso55s69_hello_world_ns_cm33_core0\device" -I"C:\Deshna\LPC55S69_TrustZone_PinVault\lpcxpresso55s69_hello_world_ns_cm33_core0\device\periph" -I"C:\Deshna\LPC55S69_TrustZone_PinVault\lpcxpresso55s69_hello_world_ns_cm33_core0\utilities" -I"C:\Deshna\LPC55S69_TrustZone_PinVault\lpcxpresso55s69_hello_world_ns_cm33_core0\utilities\str" -I"C:\Deshna\LPC55S69_TrustZone_PinVault\lpcxpresso55s69_hello_world_ns_cm33_core0\utilities\debug_console_lite" -I"C:\Deshna\LPC55S69_TrustZone_PinVault\lpcxpresso55s69_hello_world_ns_cm33_core0\component\uart" -I"C:\Deshna\LPC55S69_TrustZone_PinVault\lpcxpresso55s69_hello_world_ns_cm33_core0\board" -O0 -fno-common -g3 -gdwarf-4 -D __SEMIHOST_HARDFAULT_DISABLE -Wno-unused-variable -Wno-unused-but-set-variable -Wno-return-type -Wno-bool-operation -mcpu=cortex-m33 -c -ffunction-sections -fdata-sections -fno-builtin -imacros "C:\Deshna\LPC55S69_TrustZone_PinVault\lpcxpresso55s69_hello_world_ns_cm33_core0\source\mcux_config.h" -imacros "C:\Deshna\LPC55S69_TrustZone_PinVault\lpcxpresso55s69_hello_world_ns_cm33_core0\source\mcuxsdk_version.h" -fmerge-constants -fmacro-prefix-map="../drivers/"= -mcpu=cortex-m33 -mfpu=fpv5-sp-d16 -mfloat-abi=hard -mthumb -D__NEWLIB__ -fstack-usage -specs=nano.specs -MMD -MP -MF"drivers/fsl_usart.d" -MT"drivers/fsl_usart.o" -MT"drivers/fsl_usart.d" -o "drivers/fsl_usart.o" "../drivers/fsl_usart.c"
Invoking: MCU C Compiler
 
arm-none-eabi-gcc -std=gnu99 -DMCUXPRESSO_SDK -DCPU_LPC55S69JBD100_cm33_core0 -DSDK_DEBUGCONSOLE=1 -DMCUX_META_BUILD -DLPC55S69_cm33_core0_SERIES -DCPU_LPC55S69JBD100 -DCPU_LPC55S69JBD100_cm33 -DCR_INTEGER_PRINTF -D__MCUXPRESSO -D__USE_CMSIS -DDEBUG -D__NEWLIB__ -I"C:\Deshna\LPC55S69_TrustZone_PinVault\lpcxpresso55s69_hello_world_ns_cm33_core0\source" -I"C:\Deshna\LPC55S69_TrustZone_PinVault\lpcxpresso55s69_hello_world_ns_cm33_core0\drivers" -I"C:\Deshna\LPC55S69_TrustZone_PinVault\lpcxpresso55s69_hello_world_ns_cm33_core0\CMSIS" -I"C:\Deshna\LPC55S69_TrustZone_PinVault\lpcxpresso55s69_hello_world_ns_cm33_core0\CMSIS\m-profile" -I"C:\Deshna\LPC55S69_TrustZone_PinVault\lpcxpresso55s69_hello_world_ns_cm33_core0\device" -I"C:\Deshna\LPC55S69_TrustZone_PinVault\lpcxpresso55s69_hello_world_ns_cm33_core0\device\periph" -I"C:\Deshna\LPC55S69_TrustZone_PinVault\lpcxpresso55s69_hello_world_ns_cm33_core0\utilities" -I"C:\Deshna\LPC55S69_TrustZone_PinVault\lpcxpresso55s69_hello_world_ns_cm33_core0\utilities\str" -I"C:\Deshna\LPC55S69_TrustZone_PinVault\lpcxpresso55s69_hello_world_ns_cm33_core0\utilities\debug_console_lite" -I"C:\Deshna\LPC55S69_TrustZone_PinVault\lpcxpresso55s69_hello_world_ns_cm33_core0\component\uart" -I"C:\Deshna\LPC55S69_TrustZone_PinVault\lpcxpresso55s69_hello_world_ns_cm33_core0\board" -O0 -fno-common -g3 -gdwarf-4 -D __SEMIHOST_HARDFAULT_DISABLE -Wno-unused-variable -Wno-unused-but-set-variable -Wno-return-type -Wno-bool-operation -mcpu=cortex-m33 -c -ffunction-sections -fdata-sections -fno-builtin -imacros "C:\Deshna\LPC55S69_TrustZone_PinVault\lpcxpresso55s69_hello_world_ns_cm33_core0\source\mcux_config.h" -imacros "C:\Deshna\LPC55S69_TrustZone_PinVault\lpcxpresso55s69_hello_world_ns_cm33_core0\source\mcuxsdk_version.h" -fmerge-constants -fmacro-prefix-map="../device/"= -mcpu=cortex-m33 -mfpu=fpv5-sp-d16 -mfloat-abi=hard -mthumb -D__NEWLIB__ -fstack-usage -specs=nano.specs -MMD -MP -MF"device/system_LPC55S69_cm33_core0.d" -MT"device/system_LPC55S69_cm33_core0.o" -MT"device/system_LPC55S69_cm33_core0.d" -o "device/system_LPC55S69_cm33_core0.o" "../device/system_LPC55S69_cm33_core0.c"
Building file: ../component/uart/fsl_adapter_usart.c
Building file: ../board/board.c
Invoking: MCU C Compiler
Building file: ../board/clock_config.c
arm-none-eabi-gcc -std=gnu99 -DMCUXPRESSO_SDK -DCPU_LPC55S69JBD100_cm33_core0 -DSDK_DEBUGCONSOLE=1 -DMCUX_META_BUILD -DLPC55S69_cm33_core0_SERIES -DCPU_LPC55S69JBD100 -DCPU_LPC55S69JBD100_cm33 -DCR_INTEGER_PRINTF -D__MCUXPRESSO -D__USE_CMSIS -DDEBUG -D__NEWLIB__ -I"C:\Deshna\LPC55S69_TrustZone_PinVault\lpcxpresso55s69_hello_world_ns_cm33_core0\source" -I"C:\Deshna\LPC55S69_TrustZone_PinVault\lpcxpresso55s69_hello_world_ns_cm33_core0\drivers" -I"C:\Deshna\LPC55S69_TrustZone_PinVault\lpcxpresso55s69_hello_world_ns_cm33_core0\CMSIS" -I"C:\Deshna\LPC55S69_TrustZone_PinVault\lpcxpresso55s69_hello_world_ns_cm33_core0\CMSIS\m-profile" -I"C:\Deshna\LPC55S69_TrustZone_PinVault\lpcxpresso55s69_hello_world_ns_cm33_core0\device" -I"C:\Deshna\LPC55S69_TrustZone_PinVault\lpcxpresso55s69_hello_world_ns_cm33_core0\device\periph" -I"C:\Deshna\LPC55S69_TrustZone_PinVault\lpcxpresso55s69_hello_world_ns_cm33_core0\utilities" -I"C:\Deshna\LPC55S69_TrustZone_PinVault\lpcxpresso55s69_hello_world_ns_cm33_core0\utilities\str" -I"C:\Deshna\LPC55S69_TrustZone_PinVault\lpcxpresso55s69_hello_world_ns_cm33_core0\utilities\debug_console_lite" -I"C:\Deshna\LPC55S69_TrustZone_PinVault\lpcxpresso55s69_hello_world_ns_cm33_core0\component\uart" -I"C:\Deshna\LPC55S69_TrustZone_PinVault\lpcxpresso55s69_hello_world_ns_cm33_core0\board" -O0 -fno-common -g3 -gdwarf-4 -D __SEMIHOST_HARDFAULT_DISABLE -Wno-unused-variable -Wno-unused-but-set-variable -Wno-return-type -Wno-bool-operation -mcpu=cortex-m33 -c -ffunction-sections -fdata-sections -fno-builtin -imacros "C:\Deshna\LPC55S69_TrustZone_PinVault\lpcxpresso55s69_hello_world_ns_cm33_core0\source\mcux_config.h" -imacros "C:\Deshna\LPC55S69_TrustZone_PinVault\lpcxpresso55s69_hello_world_ns_cm33_core0\source\mcuxsdk_version.h" -fmerge-constants -fmacro-prefix-map="../component/uart/"= -mcpu=cortex-m33 -mfpu=fpv5-sp-d16 -mfloat-abi=hard -mthumb -D__NEWLIB__ -fstack-usage -specs=nano.specs -MMD -MP -MF"component/uart/fsl_adapter_usart.d" -MT"component/uart/fsl_adapter_usart.o" -MT"component/uart/fsl_adapter_usart.d" -o "component/uart/fsl_adapter_usart.o" "../component/uart/fsl_adapter_usart.c"
Building file: ../board/hardware_init.c
Invoking: MCU C Compiler
arm-none-eabi-gcc -std=gnu99 -DMCUXPRESSO_SDK -DCPU_LPC55S69JBD100_cm33_core0 -DSDK_DEBUGCONSOLE=1 -DMCUX_META_BUILD -DLPC55S69_cm33_core0_SERIES -DCPU_LPC55S69JBD100 -DCPU_LPC55S69JBD100_cm33 -DCR_INTEGER_PRINTF -D__MCUXPRESSO -D__USE_CMSIS -DDEBUG -D__NEWLIB__ -I"C:\Deshna\LPC55S69_TrustZone_PinVault\lpcxpresso55s69_hello_world_ns_cm33_core0\source" -I"C:\Deshna\LPC55S69_TrustZone_PinVault\lpcxpresso55s69_hello_world_ns_cm33_core0\drivers" -I"C:\Deshna\LPC55S69_TrustZone_PinVault\lpcxpresso55s69_hello_world_ns_cm33_core0\CMSIS" -I"C:\Deshna\LPC55S69_TrustZone_PinVault\lpcxpresso55s69_hello_world_ns_cm33_core0\CMSIS\m-profile" -I"C:\Deshna\LPC55S69_TrustZone_PinVault\lpcxpresso55s69_hello_world_ns_cm33_core0\device" -I"C:\Deshna\LPC55S69_TrustZone_PinVault\lpcxpresso55s69_hello_world_ns_cm33_core0\device\periph" -I"C:\Deshna\LPC55S69_TrustZone_PinVault\lpcxpresso55s69_hello_world_ns_cm33_core0\utilities" -I"C:\Deshna\LPC55S69_TrustZone_PinVault\lpcxpresso55s69_hello_world_ns_cm33_core0\utilities\str" -I"C:\Deshna\LPC55S69_TrustZone_PinVault\lpcxpresso55s69_hello_world_ns_cm33_core0\utilities\debug_console_lite" -I"C:\Deshna\LPC55S69_TrustZone_PinVault\lpcxpresso55s69_hello_world_ns_cm33_core0\component\uart" -I"C:\Deshna\LPC55S69_TrustZone_PinVault\lpcxpresso55s69_hello_world_ns_cm33_core0\board" -O0 -fno-common -g3 -gdwarf-4 -D __SEMIHOST_HARDFAULT_DISABLE -Wno-unused-variable -Wno-unused-but-set-variable -Wno-return-type -Wno-bool-operation -mcpu=cortex-m33 -c -ffunction-sections -fdata-sections -fno-builtin -imacros "C:\Deshna\LPC55S69_TrustZone_PinVault\lpcxpresso55s69_hello_world_ns_cm33_core0\source\mcux_config.h" -imacros "C:\Deshna\LPC55S69_TrustZone_PinVault\lpcxpresso55s69_hello_world_ns_cm33_core0\source\mcuxsdk_version.h" -fmerge-constants -fmacro-prefix-map="../board/"= -mcpu=cortex-m33 -mfpu=fpv5-sp-d16 -mfloat-abi=hard -mthumb -D__NEWLIB__ -fstack-usage -specs=nano.specs -MMD -MP -MF"board/board.d" -MT"board/board.o" -MT"board/board.d" -o "board/board.o" "../board/board.c"
Building file: ../board/pin_mux.c
Invoking: MCU C Compiler
arm-none-eabi-gcc -std=gnu99 -DMCUXPRESSO_SDK -DCPU_LPC55S69JBD100_cm33_core0 -DSDK_DEBUGCONSOLE=1 -DMCUX_META_BUILD -DLPC55S69_cm33_core0_SERIES -DCPU_LPC55S69JBD100 -DCPU_LPC55S69JBD100_cm33 -DCR_INTEGER_PRINTF -D__MCUXPRESSO -D__USE_CMSIS -DDEBUG -D__NEWLIB__ -I"C:\Deshna\LPC55S69_TrustZone_PinVault\lpcxpresso55s69_hello_world_ns_cm33_core0\source" -I"C:\Deshna\LPC55S69_TrustZone_PinVault\lpcxpresso55s69_hello_world_ns_cm33_core0\drivers" -I"C:\Deshna\LPC55S69_TrustZone_PinVault\lpcxpresso55s69_hello_world_ns_cm33_core0\CMSIS" -I"C:\Deshna\LPC55S69_TrustZone_PinVault\lpcxpresso55s69_hello_world_ns_cm33_core0\CMSIS\m-profile" -I"C:\Deshna\LPC55S69_TrustZone_PinVault\lpcxpresso55s69_hello_world_ns_cm33_core0\device" -I"C:\Deshna\LPC55S69_TrustZone_PinVault\lpcxpresso55s69_hello_world_ns_cm33_core0\device\periph" -I"C:\Deshna\LPC55S69_TrustZone_PinVault\lpcxpresso55s69_hello_world_ns_cm33_core0\utilities" -I"C:\Deshna\LPC55S69_TrustZone_PinVault\lpcxpresso55s69_hello_world_ns_cm33_core0\utilities\str" -I"C:\Deshna\LPC55S69_TrustZone_PinVault\lpcxpresso55s69_hello_world_ns_cm33_core0\utilities\debug_console_lite" -I"C:\Deshna\LPC55S69_TrustZone_PinVault\lpcxpresso55s69_hello_world_ns_cm33_core0\component\uart" -I"C:\Deshna\LPC55S69_TrustZone_PinVault\lpcxpresso55s69_hello_world_ns_cm33_core0\board" -O0 -fno-common -g3 -gdwarf-4 -D __SEMIHOST_HARDFAULT_DISABLE -Wno-unused-variable -Wno-unused-but-set-variable -Wno-return-type -Wno-bool-operation -mcpu=cortex-m33 -c -ffunction-sections -fdata-sections -fno-builtin -imacros "C:\Deshna\LPC55S69_TrustZone_PinVault\lpcxpresso55s69_hello_world_ns_cm33_core0\source\mcux_config.h" -imacros "C:\Deshna\LPC55S69_TrustZone_PinVault\lpcxpresso55s69_hello_world_ns_cm33_core0\source\mcuxsdk_version.h" -fmerge-constants -fmacro-prefix-map="../board/"= -mcpu=cortex-m33 -mfpu=fpv5-sp-d16 -mfloat-abi=hard -mthumb -D__NEWLIB__ -fstack-usage -specs=nano.specs -MMD -MP -MF"board/clock_config.d" -MT"board/clock_config.o" -MT"board/clock_config.d" -o "board/clock_config.o" "../board/clock_config.c"
Invoking: MCU C Compiler
arm-none-eabi-gcc -std=gnu99 -DMCUXPRESSO_SDK -DCPU_LPC55S69JBD100_cm33_core0 -DSDK_DEBUGCONSOLE=1 -DMCUX_META_BUILD -DLPC55S69_cm33_core0_SERIES -DCPU_LPC55S69JBD100 -DCPU_LPC55S69JBD100_cm33 -DCR_INTEGER_PRINTF -D__MCUXPRESSO -D__USE_CMSIS -DDEBUG -D__NEWLIB__ -I"C:\Deshna\LPC55S69_TrustZone_PinVault\lpcxpresso55s69_hello_world_ns_cm33_core0\source" -I"C:\Deshna\LPC55S69_TrustZone_PinVault\lpcxpresso55s69_hello_world_ns_cm33_core0\drivers" -I"C:\Deshna\LPC55S69_TrustZone_PinVault\lpcxpresso55s69_hello_world_ns_cm33_core0\CMSIS" -I"C:\Deshna\LPC55S69_TrustZone_PinVault\lpcxpresso55s69_hello_world_ns_cm33_core0\CMSIS\m-profile" -I"C:\Deshna\LPC55S69_TrustZone_PinVault\lpcxpresso55s69_hello_world_ns_cm33_core0\device" -I"C:\Deshna\LPC55S69_TrustZone_PinVault\lpcxpresso55s69_hello_world_ns_cm33_core0\device\periph" -I"C:\Deshna\LPC55S69_TrustZone_PinVault\lpcxpresso55s69_hello_world_ns_cm33_core0\utilities" -I"C:\Deshna\LPC55S69_TrustZone_PinVault\lpcxpresso55s69_hello_world_ns_cm33_core0\utilities\str" -I"C:\Deshna\LPC55S69_TrustZone_PinVault\lpcxpresso55s69_hello_world_ns_cm33_core0\utilities\debug_console_lite" -I"C:\Deshna\LPC55S69_TrustZone_PinVault\lpcxpresso55s69_hello_world_ns_cm33_core0\component\uart" -I"C:\Deshna\LPC55S69_TrustZone_PinVault\lpcxpresso55s69_hello_world_ns_cm33_core0\board" -O0 -fno-common -g3 -gdwarf-4 -D __SEMIHOST_HARDFAULT_DISABLE -Wno-unused-variable -Wno-unused-but-set-variable -Wno-return-type -Wno-bool-operation -mcpu=cortex-m33 -c -ffunction-sections -fdata-sections -fno-builtin -imacros "C:\Deshna\LPC55S69_TrustZone_PinVault\lpcxpresso55s69_hello_world_ns_cm33_core0\source\mcux_config.h" -imacros "C:\Deshna\LPC55S69_TrustZone_PinVault\lpcxpresso55s69_hello_world_ns_cm33_core0\source\mcuxsdk_version.h" -fmerge-constants -fmacro-prefix-map="../board/"= -mcpu=cortex-m33 -mfpu=fpv5-sp-d16 -mfloat-abi=hard -mthumb -D__NEWLIB__ -fstack-usage -specs=nano.specs -MMD -MP -MF"board/hardware_init.d" -MT"board/hardware_init.o" -MT"board/hardware_init.d" -o "board/hardware_init.o" "../board/hardware_init.c"
Invoking: MCU C Compiler
arm-none-eabi-gcc -std=gnu99 -DMCUXPRESSO_SDK -DCPU_LPC55S69JBD100_cm33_core0 -DSDK_DEBUGCONSOLE=1 -DMCUX_META_BUILD -DLPC55S69_cm33_core0_SERIES -DCPU_LPC55S69JBD100 -DCPU_LPC55S69JBD100_cm33 -DCR_INTEGER_PRINTF -D__MCUXPRESSO -D__USE_CMSIS -DDEBUG -D__NEWLIB__ -I"C:\Deshna\LPC55S69_TrustZone_PinVault\lpcxpresso55s69_hello_world_ns_cm33_core0\source" -I"C:\Deshna\LPC55S69_TrustZone_PinVault\lpcxpresso55s69_hello_world_ns_cm33_core0\drivers" -I"C:\Deshna\LPC55S69_TrustZone_PinVault\lpcxpresso55s69_hello_world_ns_cm33_core0\CMSIS" -I"C:\Deshna\LPC55S69_TrustZone_PinVault\lpcxpresso55s69_hello_world_ns_cm33_core0\CMSIS\m-profile" -I"C:\Deshna\LPC55S69_TrustZone_PinVault\lpcxpresso55s69_hello_world_ns_cm33_core0\device" -I"C:\Deshna\LPC55S69_TrustZone_PinVault\lpcxpresso55s69_hello_world_ns_cm33_core0\device\periph" -I"C:\Deshna\LPC55S69_TrustZone_PinVault\lpcxpresso55s69_hello_world_ns_cm33_core0\utilities" -I"C:\Deshna\LPC55S69_TrustZone_PinVault\lpcxpresso55s69_hello_world_ns_cm33_core0\utilities\str" -I"C:\Deshna\LPC55S69_TrustZone_PinVault\lpcxpresso55s69_hello_world_ns_cm33_core0\utilities\debug_console_lite" -I"C:\Deshna\LPC55S69_TrustZone_PinVault\lpcxpresso55s69_hello_world_ns_cm33_core0\component\uart" -I"C:\Deshna\LPC55S69_TrustZone_PinVault\lpcxpresso55s69_hello_world_ns_cm33_core0\board" -O0 -fno-common -g3 -gdwarf-4 -D __SEMIHOST_HARDFAULT_DISABLE -Wno-unused-variable -Wno-unused-but-set-variable -Wno-return-type -Wno-bool-operation -mcpu=cortex-m33 -c -ffunction-sections -fdata-sections -fno-builtin -imacros "C:\Deshna\LPC55S69_TrustZone_PinVault\lpcxpresso55s69_hello_world_ns_cm33_core0\source\mcux_config.h" -imacros "C:\Deshna\LPC55S69_TrustZone_PinVault\lpcxpresso55s69_hello_world_ns_cm33_core0\source\mcuxsdk_version.h" -fmerge-constants -fmacro-prefix-map="../board/"= -mcpu=cortex-m33 -mfpu=fpv5-sp-d16 -mfloat-abi=hard -mthumb -D__NEWLIB__ -fstack-usage -specs=nano.specs -MMD -MP -MF"board/pin_mux.d" -MT"board/pin_mux.o" -MT"board/pin_mux.d" -o "board/pin_mux.o" "../board/pin_mux.c"
Finished building: ../utilities/fsl_assert.c
Finished building: ../utilities/str/fsl_str.c
Finished building: ../utilities/debug_console_lite/fsl_debug_console.c
 
 
 
Finished building: ../source/pin_vault_ns.c
 
Finished building: ../drivers/fsl_common_arm.c
Finished building: ../drivers/fsl_common.c
Finished building: ../drivers/fsl_flexcomm.c
 
 
 
Finished building: ../drivers/fsl_gpio.c
 
Finished building: ../drivers/fsl_clock.c
Finished building: ../drivers/fsl_reset.c
 
 
Finished building: ../drivers/fsl_power.c
Finished building: ../device/system_LPC55S69_cm33_core0.c
Finished building: ../drivers/fsl_i2c.c
 
 
 
Finished building: ../drivers/fsl_spi.c
Finished building: ../component/uart/fsl_adapter_usart.c
 
 
Finished building: ../board/board.c
 
Finished building: ../board/clock_config.c
Finished building: ../board/hardware_init.c
Finished building: ../drivers/fsl_usart.c
Finished building: ../board/pin_mux.c
 
 
 
 
Building target: lpcxpresso55s69_hello_world_ns_cm33_core0.axf
Invoking: MCU Linker
arm-none-eabi-gcc -nostdlib --specs=nosys.specs -Xlinker -no-warn-rwx-segments -Xlinker -Map="lpcxpresso55s69_hello_world_ns_cm33_core0.map" -Xlinker --gc-sections -Xlinker -print-memory-usage -Xlinker --sort-section=alignment -Xlinker --cref -mcpu=cortex-m33 -mfpu=fpv5-sp-d16 -mfloat-abi=hard -mthumb -T lpcxpresso55s69_hello_world_ns_cm33_core0_Debug.ld -o "lpcxpresso55s69_hello_world_ns_cm33_core0.axf" ./utilities/str/fsl_str.o  ./utilities/debug_console_lite/fsl_debug_console.o  ./utilities/fsl_assert.o ./utilities/fsl_memcpy.o  ./startup/boot_multicore_slave.o ./startup/startup_lpc55s69_cm33_core0.o  ./source/pin_vault_ns.o ./source/semihost_hardfault.o  ./drivers/fsl_clock.o ./drivers/fsl_common.o ./drivers/fsl_common_arm.o ./drivers/fsl_flexcomm.o ./drivers/fsl_gpio.o ./drivers/fsl_i2c.o ./drivers/fsl_power.o ./drivers/fsl_reset.o ./drivers/fsl_spi.o ./drivers/fsl_usart.o  ./device/system_LPC55S69_cm33_core0.o  ./component/uart/fsl_adapter_usart.o  ./board/board.o ./board/clock_config.o ./board/hardware_init.o ./board/pin_mux.o    "C:\Deshna\LPC55S69_TrustZone_PinVault\lpcxpresso55s69_hello_world_s_cm33_core0\Debug\lpcxpresso55s69_hello_world_s_cm33_core0_CMSE_lib.o"
Memory region         Used Size  Region Size  %age Used
   PROGRAM_FLASH:        6244 B       392 KB      1.56%
            Ram0:        8284 B       164 KB      4.93%
Finished building target: lpcxpresso55s69_hello_world_ns_cm33_core0.axf
 
Performing post-build steps
arm-none-eabi-size "lpcxpresso55s69_hello_world_ns_cm33_core0.axf"; # arm-none-eabi-objcopy -v -O binary "lpcxpresso55s69_hello_world_ns_cm33_core0.axf" "lpcxpresso55s69_hello_world_ns_cm33_core0.bin" ; # checksum -p LPC55S69 -d "lpcxpresso55s69_hello_world_ns_cm33_core0.bin";
   text	   data	    bss	    dec	    hex	filename
   6244	      0	   8284	  14528	   38c0	lpcxpresso55s69_hello_world_ns_cm33_core0.axf
 
13:44:36 **** Incremental Build of configuration Debug for project lpcxpresso55s69_hello_world_s_cm33_core0 ****
make -r -j20 all 
make[1]: Nothing to be done for 'main-build'.
Performing post-build steps
arm-none-eabi-size "lpcxpresso55s69_hello_world_s_cm33_core0.axf"; # arm-none-eabi-objcopy -v -O binary "lpcxpresso55s69_hello_world_s_cm33_core0.axf" "lpcxpresso55s69_hello_world_s_cm33_core0.bin" ; # checksum -p LPC55S69 -d "lpcxpresso55s69_hello_world_s_cm33_core0.bin";
   text	   data	    bss	    dec	    hex	filename
  18360	     12	   4360	  22732	   58cc	lpcxpresso55s69_hello_world_s_cm33_core0.axf
 
13:44:38 **** Incremental Build of configuration Debug for project lpcxpresso55s69_hello_world_s_cm33_core0 ****
make -r -j20 all 
make[1]: Nothing to be done for 'main-build'.
Performing post-build steps
arm-none-eabi-size "lpcxpresso55s69_hello_world_s_cm33_core0.axf"; # arm-none-eabi-objcopy -v -O binary "lpcxpresso55s69_hello_world_s_cm33_core0.axf" "lpcxpresso55s69_hello_world_s_cm33_core0.bin" ; # checksum -p LPC55S69 -d "lpcxpresso55s69_hello_world_s_cm33_core0.bin";
   text	   data	    bss	    dec	    hex	filename
  18360	     12	   4360	  22732	   58cc	lpcxpresso55s69_hello_world_s_cm33_core0.axf
 
13:44:38 **** Incremental Build of configuration Debug for project lpcxpresso55s69_hello_world_ns_cm33_core0 ****
make -r -j20 all 
make[1]: Nothing to be done for 'main-build'.
Performing post-build steps
arm-none-eabi-size "lpcxpresso55s69_hello_world_ns_cm33_core0.axf"; # arm-none-eabi-objcopy -v -O binary "lpcxpresso55s69_hello_world_ns_cm33_core0.axf" "lpcxpresso55s69_hello_world_ns_cm33_core0.bin" ; # checksum -p LPC55S69 -d "lpcxpresso55s69_hello_world_ns_cm33_core0.bin";
   text	   data	    bss	    dec	    hex	filename
   6244	      0	   8284	  14528	   38c0	lpcxpresso55s69_hello_world_ns_cm33_core0.axf
 
