13:04:39 **** Incremental Build of configuration Debug for project lpcxpresso55s69_pinVault_ns_cm33_core0 ****
make -r -j20 all 
make[1]: Nothing to be done for 'main-build'.
Performing post-build steps
arm-none-eabi-size "lpcxpresso55s69_pinVault_ns_cm33_core0.axf"; # arm-none-eabi-objcopy -v -O binary "lpcxpresso55s69_pinVault_ns_cm33_core0.axf" "lpcxpresso55s69_pinVault_ns_cm33_core0.bin" ; # checksum -p LPC55S69 -d "lpcxpresso55s69_pinVault_ns_cm33_core0.bin";
   text	   data	    bss	    dec	    hex	filename
   4828	      0	   8284	  13112	   3338	lpcxpresso55s69_pinVault_ns_cm33_core0.axf
 

13:04:39 Build Finished. 0 errors, 0 warnings. (took 190ms)

